Microchip MPLAB XC8 Compiler V3.10

Linker command line:

-W-3 \
  --edf=C:\Program Files\Microchip\xc8\v3.10\pic\dat\20250813170317_en.msgs \
  -cn -h+dist/default/production\exo-5.X.production.sym \
  --cmf=dist/default/production\exo-5.X.production.cmf -z -Q18F26K83 \
  -oC:\Users\admin\AppData\Local\Temp\xcAswgw.0\driver_tmp_3.o \
  --defsym=__MPLAB_BUILD=1 --fixupoverflow=error \
  -Mdist/default/production/exo-5.X.production.map \
  --md=C:\Users\admin\AppData\Local\Temp\xcAswgw.0\driver_tmp_0.dat -E1 \
  -ver=XC8 Compiler -ACODE=00h-0FFFFh -ACONST=00h-0FFFFh \
  -ASMALLCONST=01000h-010FFhx240 -AMEDIUMCONST=01000h-0FFFFh \
  -ACOMRAM=01h-05Fh -AABS1=00h-0FFFh -ABIGRAM=01h-0FFFh \
  -ARAM=060h-0FFh,0100h-01FFhx15 -ABANK0=060h-0FFh -ABANK1=0100h-01FFh \
  -ABANK2=0200h-02FFh -ABANK3=0300h-03FFh -ABANK4=0400h-04FFh \
  -ABANK5=0500h-05FFh -ABANK6=0600h-06FFh -ABANK7=0700h-07FFh \
  -ABANK8=0800h-08FFh -ABANK9=0900h-09FFh -ABANK10=0A00h-0AFFh \
  -ABANK11=0B00h-0BFFh -ABANK12=0C00h-0CFFh -ABANK13=0D00h-0DFFh \
  -ABANK14=0E00h-0EFFh -ABANK15=0F00h-0FFFh \
  -ASFR=03700h-037FFhx8,03F00h-03F5Fh,03F60h-03FFFh -ABIGSFR=03700h-03FFFh \
  -ACONFIG=0300000h-0300009h -AIDLOC=0200000h-020000Fh \
  -AEEDATA=0310000h-03103FFh -peeprom_data=EEDATA -preset_vec=00h \
  -ppowerup=CODE,init -pramtop=01000h -psmallconst=SMALLCONST \
  -pmediumconst=MEDIUMCONST -pconst=CONST -AFARRAM=00h-00h \
  -prdata=COMRAM,nvrram=COMRAM,nvbit=COMRAM,rbss=COMRAM,rbit=COMRAM \
  -pfarbss=FARRAM,fardata=FARRAM,nvFARRAM=FARRAM \
  -pintsave_regs=BIGRAM,bigbss=BIGRAM,bigdata=BIGRAM -pbss=RAM \
  -pidata=CODE,irdata=CODE,ibigdata=CODE,ifardata=CODE -prparam=COMRAM \
  C:\Users\admin\AppData\Local\Temp\xcAswgw.0\driver_tmp_9.o \
  dist/default/production\exo-5.X.production.o 

Object code version is 3.11

Machine type is 18F26K83



                Name                               Link     Load   Length Selector   Space Scale
C:\Users\admin\AppData\Local\Temp\xcAswgw.0\driver_tmp_9.o
                config                           300000   300000        A        0       4
                init                               FFFC     FFFC        4     7FFE       0
                reset_vec                             0        0        4        0       0
dist/default/production\exo-5.X.production.o
                config                           300000   300000        A        0       4
                smallconst                         1000     1000       10      800       0
                text15                             1622     1622       5C      808       0
                text14                             175E     175E       20      808       0
                text13                             177E     177E        E      808       0
                text12                             14DA     14DA       7C      808       0
                text11                             15BC     15BC       66      808       0
                text10                             1704     1704       38      808       0
                text9                              13C6     13C6       90      808       0
                text8                              1556     1556       66      808       0
                text7                              1258     1258       C0      808       0
                text6                              1318     1318       AE      808       0
                text5                              1172     1172       E6      808       0
                text4                              1456     1456       84      808       0
                text3                              173C     173C       22      808       0
                text2                              167E     167E       4C      808       0
                text1                              16CA     16CA       3A      808       0
                text0                              1010     1010      162      808       0
                cstackCOMRAM                          1        1       1C        1       1
                cinit                              178C     178C        A      808       0

TOTAL           Name                               Link     Load   Length     Space
        CLASS   CODE           
                init                               FFFC     FFFC        4         0
                reset_vec                             0        0        4         0
                text15                             1622     1622       5C         0
                text14                             175E     175E       20         0
                text13                             177E     177E        E         0
                text12                             14DA     14DA       7C         0
                text11                             15BC     15BC       66         0
                text10                             1704     1704       38         0
                text9                              13C6     13C6       90         0
                text8                              1556     1556       66         0
                text7                              1258     1258       C0         0
                text6                              1318     1318       AE         0
                text5                              1172     1172       E6         0
                text4                              1456     1456       84         0
                text3                              173C     173C       22         0
                text2                              167E     167E       4C         0
                text1                              16CA     16CA       3A         0
                text0                              1010     1010      162         0
                cinit                              178C     178C        A         0

        CLASS   CONST          

        CLASS   SMALLCONST     
                smallconst                         1000     1000       10         0

        CLASS   MEDIUMCONST    

        CLASS   COMRAM         
                cstackCOMRAM                          1        1       1C         1

        CLASS   ABS1           

        CLASS   BIGRAM         

        CLASS   RAM            

        CLASS   BANK0          

        CLASS   BANK1          

        CLASS   BANK2          

        CLASS   BANK3          

        CLASS   BANK4          

        CLASS   BANK5          

        CLASS   BANK6          

        CLASS   BANK7          

        CLASS   BANK8          

        CLASS   BANK9          

        CLASS   BANK10         

        CLASS   BANK11         

        CLASS   BANK12         

        CLASS   BANK13         

        CLASS   BANK14         

        CLASS   BANK15         

        CLASS   SFR            

        CLASS   BIGSFR         

        CLASS   CONFIG         
                config                           300000   300000        A         4

        CLASS   IDLOC          

        CLASS   EEDATA         

        CLASS   FARRAM         

        CLASS   HEAP           

        CLASS   STACK          



SEGMENTS        Name                           Load    Length   Top    Selector   Space  Class

                reset_vec                      000000  000004  000004         0       0  CODE    
                cstackCOMRAM                   000001  00001C  00001D         1       1  COMRAM  
                smallconst                     001000  000010  001010       800       0  SMALLCON
                text0                          001010  000786  001796       808       0  CODE    
                init                           00FFFC  000004  010000      7FFE       0  CODE    


UNUSED ADDRESS RANGES

        Name                Unused          Largest block    Delta
        BANK0            000060-0000FF               A0
        BANK1            000100-0001FF              100
        BANK10           000A00-000AFF              100
        BANK11           000B00-000BFF              100
        BANK12           000C00-000CFF              100
        BANK13           000D00-000DFF              100
        BANK14           000E00-000EFF              100
        BANK15           000F00-000FFF              100
        BANK2            000200-0002FF              100
        BANK3            000300-0003FF              100
        BANK4            000400-0004FF              100
        BANK5            000500-0005FF              100
        BANK6            000600-0006FF              100
        BANK7            000700-0007FF              100
        BANK8            000800-0008FF              100
        BANK9            000900-0009FF              100
        BIGRAM           00001D-000FFF              FE3
        BIGSFR           003700-003FFF              900
        CODE             000004-000FFF              FFC
                         001796-00FFFB             E866
        COMRAM           00001D-00005F               43
        CONST            000004-000FFF              FFC
                         001796-00FFFB             E866
        EEDATA           310000-3103FF              400
        IDLOC            200000-20000F               10
        MEDIUMCONST      001796-00FFFB             E866
        RAM              000060-000FFF              100
        SFR              003700-003FFF              100
        SMALLCONST       001796-00FFFB              100

                                  Symbol Table

?___awdiv                 cstackCOMRAM 000001
?___awmod                 cstackCOMRAM 000001
Lcd_Cmd@a                 cstackCOMRAM 000003
Lcd_Port@a                cstackCOMRAM 000001
Lcd_Set_Cursor@a          cstackCOMRAM 000005
Lcd_Set_Cursor@b          cstackCOMRAM 000004
Lcd_Set_Cursor@temp       cstackCOMRAM 000008
Lcd_Set_Cursor@y          cstackCOMRAM 000007
Lcd_Set_Cursor@z          cstackCOMRAM 000006
Lcd_Write_Char@a          cstackCOMRAM 000004
Lcd_Write_Char@temp       cstackCOMRAM 000002
Lcd_Write_Char@y          cstackCOMRAM 000003
Lcd_Write_String@a        cstackCOMRAM 000005
Lcd_Write_String@i        cstackCOMRAM 000009
_ANSELA                   (abs)        003A40
_ANSELB                   (abs)        003A50
_ANSELC                   (abs)        003A60
_I2C2ADB1                 (abs)        003D58
_I2C2CLK                  (abs)        003D65
_I2C2CNT                  (abs)        003D56
_I2C2CON0                 (abs)        003D5D
_I2C2CON0bits             (abs)        003D5D
_I2C2CON1bits             (abs)        003D5E
_I2C2PIRbits              (abs)        003D63
_I2C2RXB                  (abs)        003D54
_I2C2SCLPPS               (abs)        003AE5
_I2C2SDAPPS               (abs)        003AE6
_I2C2STAT1bits            (abs)        003D62
_I2C2TXB                  (abs)        003D55
_Lcd_Clear                text13       00177E
_Lcd_Cmd                  text14       00175E
_Lcd_Init                 text12       0014DA
_Lcd_Port                 text15       001622
_Lcd_Set_Cursor           text11       0015BC
_Lcd_Write_Char           text10       001704
_Lcd_Write_String         text9        0013C6
_ODCONB                   (abs)        003A52
_PIR7bits                 (abs)        0039A7
_PORTAbits                (abs)        003FCA
_PORTB                    (abs)        003FCB
_PORTC                    (abs)        003FCC
_PORTCbits                (abs)        003FCC
_RB1PPS                   (abs)        003A09
_RB2PPS                   (abs)        003A0A
_RB6PPS                   (abs)        003A0E
_RC6PPS                   (abs)        003A16
_TRISA                    (abs)        003FC2
_TRISB                    (abs)        003FC3
_TRISC                    (abs)        003FC4
_U1RXPPS                  (abs)        003AE7
_U2BRG                    (abs)        003DDD
_U2CON0                   (abs)        003DDA
_U2CON0bits               (abs)        003DDA
_U2CON1                   (abs)        003DDB
_U2CON2                   (abs)        003DDC
_U2FIFObits               (abs)        003DDF
_U2RXB                    (abs)        003DD0
_U2RXPPS                  (abs)        003AEA
_U2TXB                    (abs)        003DD2
__HRAM                    (abs)        000000
__H__absolute__           __absolute__ 000000
__Habs1                   abs1         000000
__Hbank0                  bank0        000000
__Hbank1                  bank1        000000
__Hbank10                 bank10       000000
__Hbank11                 bank11       000000
__Hbank12                 bank12       000000
__Hbank13                 bank13       000000
__Hbank14                 bank14       000000
__Hbank15                 bank15       000000
__Hbank2                  bank2        000000
__Hbank3                  bank3        000000
__Hbank4                  bank4        000000
__Hbank5                  bank5        000000
__Hbank6                  bank6        000000
__Hbank7                  bank7        000000
__Hbank8                  bank8        000000
__Hbank9                  bank9        000000
__Hbigbss                 bigbss       000000
__Hbigdata                bigdata      000000
__Hbigram                 bigram       000000
__Hbigsfr                 bigsfr       000000
__Hbss                    bss          000000
__Hcinit                  cinit        000000
__Hclrtext                clrtext      000000
__Hcomram                 comram       000000
__Hconfig                 config       30000A
__Hconst                  const        000000
__HcstackCOMRAM           cstackCOMRAM 000000
__Hdata                   data         000000
__Heeprom_data            eeprom_data  000000
__Hfarbss                 farbss       000000
__Hfardata                fardata      000000
__Hheap                   heap         000000
__Hibigdata               ibigdata     000000
__Hidata                  idata        000000
__Hidloc                  idloc        000000
__Hifardata               ifardata     000000
__Hinit                   init         010000
__Hintsave_regs           intsave_regs 000000
__Hirdata                 irdata       000000
__Hmediumconst            mediumconst  000000
__HnvFARRAM               nvFARRAM     000000
__Hnvbit                  nvbit        000000
__Hnvrram                 nvrram       000000
__Hparam                  rparam       000000
__Hpowerup                powerup      000000
__Hram                    ram          000000
__Hramtop                 ramtop       001000
__Hrbit                   rbit         000000
__Hrbss                   rbss         000000
__Hrdata                  rdata        000000
__Hreset_vec              reset_vec    000004
__Hrparam                 rparam       000000
__Hsfr                    sfr          000000
__Hsmallconst             smallconst   001010
__Hspace_0                (abs)        010000
__Hspace_1                (abs)        00001D
__Hspace_2                (abs)        000000
__Hspace_4                (abs)        60000A
__Hstack                  stack        000000
__Hstruct                 struct       000000
__Htemp                   temp         000000
__Htext                   text         000000
__Htext0                  text0        000000
__Htext1                  text1        000000
__Htext10                 text10       000000
__Htext11                 text11       000000
__Htext12                 text12       000000
__Htext13                 text13       000000
__Htext14                 text14       000000
__Htext15                 text15       000000
__Htext2                  text2        000000
__Htext3                  text3        000000
__Htext4                  text4        000000
__Htext5                  text5        000000
__Htext6                  text6        000000
__Htext7                  text7        000000
__Htext8                  text8        000000
__Htext9                  text9        000000
__LRAM                    (abs)        000001
__L__absolute__           __absolute__ 000000
__Labs1                   abs1         000000
__Lbank0                  bank0        000000
__Lbank1                  bank1        000000
__Lbank10                 bank10       000000
__Lbank11                 bank11       000000
__Lbank12                 bank12       000000
__Lbank13                 bank13       000000
__Lbank14                 bank14       000000
__Lbank15                 bank15       000000
__Lbank2                  bank2        000000
__Lbank3                  bank3        000000
__Lbank4                  bank4        000000
__Lbank5                  bank5        000000
__Lbank6                  bank6        000000
__Lbank7                  bank7        000000
__Lbank8                  bank8        000000
__Lbank9                  bank9        000000
__Lbigbss                 bigbss       000000
__Lbigdata                bigdata      000000
__Lbigram                 bigram       000000
__Lbigsfr                 bigsfr       000000
__Lbss                    bss          000000
__Lcinit                  cinit        000000
__Lclrtext                clrtext      000000
__Lcomram                 comram       000000
__Lconfig                 config       000000
__Lconst                  const        000000
__LcstackCOMRAM           cstackCOMRAM 000000
__Ldata                   data         000000
__Leeprom_data            eeprom_data  000000
__Lfarbss                 farbss       000000
__Lfardata                fardata      000000
__Lheap                   heap         000000
__Libigdata               ibigdata     000000
__Lidata                  idata        000000
__Lidloc                  idloc        000000
__Lifardata               ifardata     000000
__Linit                   init         00FFFC
__Lintsave_regs           intsave_regs 000000
__Lirdata                 irdata       000000
__Lmediumconst            mediumconst  000000
__LnvFARRAM               nvFARRAM     000000
__Lnvbit                  nvbit        000000
__Lnvrram                 nvrram       000000
__Lparam                  rparam       000000
__Lpowerup                powerup      000000
__Lram                    ram          000000
__Lramtop                 ramtop       001000
__Lrbit                   rbit         000000
__Lrbss                   rbss         000000
__Lrdata                  rdata        000000
__Lreset_vec              reset_vec    000000
__Lrparam                 rparam       000000
__Lsfr                    sfr          000000
__Lsmallconst             smallconst   001000
__Lspace_0                (abs)        000000
__Lspace_1                (abs)        000000
__Lspace_2                (abs)        000000
__Lspace_4                (abs)        000000
__Lstack                  stack        000000
__Lstruct                 struct       000000
__Ltemp                   temp         000000
__Ltext                   text         000000
__Ltext0                  text0        000000
__Ltext1                  text1        000000
__Ltext10                 text10       000000
__Ltext11                 text11       000000
__Ltext12                 text12       000000
__Ltext13                 text13       000000
__Ltext14                 text14       000000
__Ltext15                 text15       000000
__Ltext2                  text2        000000
__Ltext3                  text3        000000
__Ltext4                  text4        000000
__Ltext5                  text5        000000
__Ltext6                  text6        000000
__Ltext7                  text7        000000
__Ltext8                  text8        000000
__Ltext9                  text9        000000
__S0                      (abs)        010000
__S1                      (abs)        00001D
__S4                      (abs)        000000
__S5                      (abs)        000000
___awdiv                  text7        001258
___awdiv@counter          cstackCOMRAM 000005
___awdiv@dividend         cstackCOMRAM 000001
___awdiv@divisor          cstackCOMRAM 000003
___awdiv@quotient         cstackCOMRAM 000007
___awdiv@sign             cstackCOMRAM 000006
___awmod                  text6        001318
___awmod@counter          cstackCOMRAM 000005
___awmod@dividend         cstackCOMRAM 000001
___awmod@divisor          cstackCOMRAM 000003
___awmod@sign             cstackCOMRAM 000006
___heap_hi                (abs)        000000
___heap_lo                (abs)        000000
___inthi_sp               stack        000000
___inthi_stack_hi         stack        000000
___inthi_stack_lo         stack        000000
___intlo_sp               stack        000000
___intlo_stack_hi         stack        000000
___intlo_stack_lo         stack        000000
___param_bank             (abs)        000000
___rparam_used            (abs)        000001
___sp                     stack        000000
___stack_hi               stack        000000
___stack_lo               stack        000000
__accesstop               (abs)        000060
__activetblptr            (abs)        000002
__end_of_Lcd_Clear        text13       00178C
__end_of_Lcd_Cmd          text14       00177E
__end_of_Lcd_Init         text12       001556
__end_of_Lcd_Port         text15       00167E
__end_of_Lcd_Set_Cursor   text11       001622
__end_of_Lcd_Write_Char   text10       00173C
__end_of_Lcd_Write_String text9        001456
__end_of___awdiv          text7        001318
__end_of___awmod          text6        0013C6
__end_of__initialization  cinit        00178C
__end_of_bt_send_str      text8        0015BC
__end_of_format_time      text5        001258
__end_of_main             text0        001172
__end_of_rtc_read         text4        0014DA
__end_of_rtc_read_dec     text3        00175E
__end_of_rtc_write        text2        0016CA
__end_of_rtc_write_dec    text1        001704
__initialization          cinit        00178C
__mediumconst             smallconst   001000
__pcinit                  cinit        00178C
__pcstackCOMRAM           cstackCOMRAM 000001
__psmallconst             smallconst   001000
__ptext0                  text0        001010
__ptext1                  text1        0016CA
__ptext10                 text10       001704
__ptext11                 text11       0015BC
__ptext12                 text12       0014DA
__ptext13                 text13       00177E
__ptext14                 text14       00175E
__ptext15                 text15       001622
__ptext2                  text2        00167E
__ptext3                  text3        00173C
__ptext4                  text4        001456
__ptext5                  text5        001172
__ptext6                  text6        001318
__ptext7                  text7        001258
__ptext8                  text8        001556
__ptext9                  text9        0013C6
__ramtop                  ramtop       001000
__smallconst              smallconst   001000
_bt_send_str              text8        001556
_format_time              text5        001172
_main                     text0        001010
_rtc_read                 text4        001456
_rtc_read_dec             text3        00173C
_rtc_write                text2        00167E
_rtc_write_dec            text1        0016CA
bt_send_str@s             cstackCOMRAM 000001
end_of_initialization     cinit        00178C
format_time@buffer        cstackCOMRAM 000009
format_time@hours         cstackCOMRAM 00000A
format_time@minutes       cstackCOMRAM 00000B
format_time@seconds       cstackCOMRAM 00000C
intlevel0                 text         000000
intlevel1                 text         000000
intlevel2                 text         000000
intlevel3                 text         000000
isa$std                   (abs)        000001
isa$xinst                 (abs)        000000
main@h                    cstackCOMRAM 00001C
main@m                    cstackCOMRAM 00001B
main@s                    cstackCOMRAM 00001A
main@time_str             cstackCOMRAM 000011
rtc_read@reg_adress       cstackCOMRAM 000001
rtc_read@result           cstackCOMRAM 000003
rtc_read_dec@bcd          cstackCOMRAM 000006
rtc_read_dec@reg_address  cstackCOMRAM 000005
rtc_write@reg_address     cstackCOMRAM 00000A
rtc_write@value           cstackCOMRAM 000009
rtc_write_dec@reg_address cstackCOMRAM 00000E
rtc_write_dec@value_dec   cstackCOMRAM 00000B
stackhi                   (abs)        000000
stacklo                   (abs)        000000
start                     init         00FFFC
start_initialization      cinit        00178C


MODULE INFORMATION

Module		Function		Class		Link	Load	Size
C:\Program Files\Microchip\xc8\v3.10\pic\sources\c99\common\awmod.c
		___awmod       		CODE           	1318	0000	174

C:\Program Files\Microchip\xc8\v3.10\pic\sources\c99\common\awmod.c estimated size: 174

./lcd.h
		_Lcd_Write_String		CODE           	13C6	0000	144
		_Lcd_Init      		CODE           	14DA	0000	124
		_Lcd_Write_Char		CODE           	1704	0000	56
		_Lcd_Cmd       		CODE           	175E	0000	32
		_Lcd_Set_Cursor		CODE           	15BC	0000	102
		_Lcd_Clear     		CODE           	177E	0000	14
		_Lcd_Port      		CODE           	1622	0000	92

./lcd.h estimated size: 564

C:\Program Files\Microchip\xc8\v3.10\pic\sources\c99\common\awdiv.c
		___awdiv       		CODE           	1258	0000	192

C:\Program Files\Microchip\xc8\v3.10\pic\sources\c99\common\awdiv.c estimated size: 192

shared
		__initialization		CODE           	178C	0000	1

shared estimated size: 1

EXO5BLU26K83.c
		_rtc_write     		CODE           	167E	0000	76
		_rtc_write_dec 		CODE           	16CA	0000	58
		_main          		CODE           	1010	0000	354
		_rtc_read      		CODE           	1456	0000	132
		_rtc_read_dec  		CODE           	173C	0000	34
		_bt_send_str   		CODE           	1556	0000	102
		_format_time   		CODE           	1172	0000	230

EXO5BLU26K83.c estimated size: 986

