Microchip MPLAB XC8 Compiler V3.10

Linker command line:

-W-3 \
  --edf=C:\Program Files\Microchip\xc8\v3.10\pic\dat\20250813170317_en.msgs \
  -pivt0x8=08h -cn -h+dist/default/production\exo-7.X.production.sym \
  --cmf=dist/default/production\exo-7.X.production.cmf -z -Q18F26K83 \
  -oC:\Users\admin\AppData\Local\Temp\xcAsdt0.0\driver_tmp_3.o \
  --defsym=__MPLAB_BUILD=1 --fixupoverflow=error \
  -Mdist/default/production/exo-7.X.production.map \
  --md=C:\Users\admin\AppData\Local\Temp\xcAsdt0.0\driver_tmp_0.dat -E1 \
  -ver=XC8 Compiler -ACODE=00h-0FFFFh -ACONST=00h-0FFFFh \
  -ASMALLCONST=01000h-010FFhx240 -AMEDIUMCONST=01000h-0FFFFh \
  -ACOMRAM=01h-05Fh -AABS1=00h-0FFFh -ABIGRAM=01h-0FFFh \
  -ARAM=060h-0FFh,0100h-01FFhx15 -ABANK0=060h-0FFh -ABANK1=0100h-01FFh \
  -ABANK2=0200h-02FFh -ABANK3=0300h-03FFh -ABANK4=0400h-04FFh \
  -ABANK5=0500h-05FFh -ABANK6=0600h-06FFh -ABANK7=0700h-07FFh \
  -ABANK8=0800h-08FFh -ABANK9=0900h-09FFh -ABANK10=0A00h-0AFFh \
  -ABANK11=0B00h-0BFFh -ABANK12=0C00h-0CFFh -ABANK13=0D00h-0DFFh \
  -ABANK14=0E00h-0EFFh -ABANK15=0F00h-0FFFh \
  -ASFR=03700h-037FFhx8,03F00h-03F5Fh,03F60h-03FFFh -ABIGSFR=03700h-03FFFh \
  -ACONFIG=0300000h-0300009h -AIDLOC=0200000h-020000Fh \
  -AEEDATA=0310000h-03103FFh -peeprom_data=EEDATA -preset_vec=00h \
  -ppowerup=CODE,init -pramtop=01000h -psmallconst=SMALLCONST \
  -pmediumconst=MEDIUMCONST -pconst=CONST -AFARRAM=00h-00h \
  -prdata=COMRAM,nvrram=COMRAM,nvbit=COMRAM,rbss=COMRAM,rbit=COMRAM \
  -pfarbss=FARRAM,fardata=FARRAM,nvFARRAM=FARRAM \
  -pintsave_regs=BIGRAM,bigbss=BIGRAM,bigdata=BIGRAM -pbss=RAM \
  -pidata=CODE,irdata=CODE,ibigdata=CODE,ifardata=CODE -prparam=COMRAM \
  C:\Users\admin\AppData\Local\Temp\xcAsdt0.0\driver_tmp_9.o \
  dist/default/production\exo-7.X.production.o 

Object code version is 3.11

Machine type is 18F26K83



                Name                               Link     Load   Length Selector   Space Scale
C:\Users\admin\AppData\Local\Temp\xcAsdt0.0\driver_tmp_9.o
                config                           300000   300000        A        0       4
                init                                 1A       1A        4        4       0
                reset_vec                             0        0        4        0       0
dist/default/production\exo-7.X.production.o
                config                           300000   300000        A        0       4
                smallconst                         1000     1000       10      800       0
                ivt0x8                                8        8       12        4       0
                text3                              10D8     10D8       6C      808       0
                text2                              1010     1010       C8      808       0
                text1                              11A6     11A6       52      808       0
                text0                              1144     1144       62      808       0
                cstackCOMRAM                          1        1        A        1       1
                bssCOMRAM                             B        B        2        1       1
                cinit                              11F8     11F8       1E      808       0

TOTAL           Name                               Link     Load   Length     Space
        CLASS   CODE           
                init                                 1A       1A        4         0
                reset_vec                             0        0        4         0
                ivt0x8                                8        8       12         0
                text3                              10D8     10D8       6C         0
                text2                              1010     1010       C8         0
                text1                              11A6     11A6       52         0
                text0                              1144     1144       62         0
                cinit                              11F8     11F8       1E         0

        CLASS   CONST          

        CLASS   SMALLCONST     
                smallconst                         1000     1000       10         0

        CLASS   MEDIUMCONST    

        CLASS   COMRAM         
                cstackCOMRAM                          1        1        A         1
                bssCOMRAM                             B        B        2         1

        CLASS   ABS1           

        CLASS   BIGRAM         

        CLASS   RAM            

        CLASS   BANK0          

        CLASS   BANK1          

        CLASS   BANK2          

        CLASS   BANK3          

        CLASS   BANK4          

        CLASS   BANK5          

        CLASS   BANK6          

        CLASS   BANK7          

        CLASS   BANK8          

        CLASS   BANK9          

        CLASS   BANK10         

        CLASS   BANK11         

        CLASS   BANK12         

        CLASS   BANK13         

        CLASS   BANK14         

        CLASS   BANK15         

        CLASS   SFR            

        CLASS   BIGSFR         

        CLASS   CONFIG         
                config                           300000   300000        A         4

        CLASS   IDLOC          

        CLASS   EEDATA         

        CLASS   FARRAM         

        CLASS   HEAP           

        CLASS   STACK          



SEGMENTS        Name                           Load    Length   Top    Selector   Space  Class

                reset_vec                      000000  000004  000004         0       0  CODE    
                cstackCOMRAM                   000001  00000C  00000D         1       1  COMRAM  
                ivt0x8                         000008  000016  00001E         4       0  CODE    
                smallconst                     001000  000010  001010       800       0  SMALLCON
                text2                          001010  000206  001216       808       0  CODE    


UNUSED ADDRESS RANGES

        Name                Unused          Largest block    Delta
        BANK0            000060-0000FF               A0
        BANK1            000100-0001FF              100
        BANK10           000A00-000AFF              100
        BANK11           000B00-000BFF              100
        BANK12           000C00-000CFF              100
        BANK13           000D00-000DFF              100
        BANK14           000E00-000EFF              100
        BANK15           000F00-000FFF              100
        BANK2            000200-0002FF              100
        BANK3            000300-0003FF              100
        BANK4            000400-0004FF              100
        BANK5            000500-0005FF              100
        BANK6            000600-0006FF              100
        BANK7            000700-0007FF              100
        BANK8            000800-0008FF              100
        BANK9            000900-0009FF              100
        BIGRAM           00000D-000FFF              FF3
        BIGSFR           003700-003FFF              900
        CODE             000004-000007                4
                         00001E-000FFF              FE2
                         001216-00FFFF             EDEA
        COMRAM           00000D-00005F               53
        CONST            000004-000007                4
                         00001E-000FFF              FE2
                         001216-00FFFF             EDEA
        EEDATA           310000-3103FF              400
        IDLOC            200000-20000F               10
        MEDIUMCONST      001216-00FFFF             EDEA
        RAM              000060-000FFF              100
        SFR              003700-003FFF              100
        SMALLCONST       001216-00FFFF              100

                                  Symbol Table

IVTBASEH                 (abs)        003FD6
IVTBASEL                 (abs)        003FD5
IVTBASEU                 (abs)        003FD7
_ANSELA                  (abs)        003A40
_ANSELB                  (abs)        003A50
_ANSELC                  (abs)        003A60
_INTCON0                 (abs)        003FD2
_IOCCF                   (abs)        003A67
_IOCCFbits               (abs)        003A67
_IOCCN                   (abs)        003A66
_PIE0                    (abs)        003990
_PIE7bits                (abs)        003997
_PIR0bits                (abs)        0039A0
_PIR7bits                (abs)        0039A7
_PORTB                   (abs)        003FCB
_PORTBbits               (abs)        003FCB
_PORTC                   (abs)        003FCC
_PORTCbits               (abs)        003FCC
_RB6PPS                  (abs)        003A0E
_TRISA                   (abs)        003FC2
_TRISB                   (abs)        003FC3
_TRISC                   (abs)        003FC4
_U2BRG                   (abs)        003DDD
_U2CON0                  (abs)        003DDA
_U2CON0bits              (abs)        003DDA
_U2CON1                  (abs)        003DDB
_U2CON2                  (abs)        003DDC
_U2RXB                   (abs)        003DD0
_U2RXPPS                 (abs)        003AEA
_U2TXB                   (abs)        003DD2
__HRAM                   (abs)        000000
__H__absolute__          __absolute__ 000000
__Habs1                  abs1         000000
__Hbank0                 bank0        000000
__Hbank1                 bank1        000000
__Hbank10                bank10       000000
__Hbank11                bank11       000000
__Hbank12                bank12       000000
__Hbank13                bank13       000000
__Hbank14                bank14       000000
__Hbank15                bank15       000000
__Hbank2                 bank2        000000
__Hbank3                 bank3        000000
__Hbank4                 bank4        000000
__Hbank5                 bank5        000000
__Hbank6                 bank6        000000
__Hbank7                 bank7        000000
__Hbank8                 bank8        000000
__Hbank9                 bank9        000000
__Hbigbss                bigbss       000000
__Hbigdata               bigdata      000000
__Hbigram                bigram       000000
__Hbigsfr                bigsfr       000000
__Hbss                   bss          000000
__HbssCOMRAM             bssCOMRAM    000000
__Hcinit                 cinit        000000
__Hclrtext               clrtext      000000
__Hcomram                comram       000000
__Hconfig                config       30000A
__Hconst                 const        000000
__HcstackCOMRAM          cstackCOMRAM 000000
__Hdata                  data         000000
__Heeprom_data           eeprom_data  000000
__Hfarbss                farbss       000000
__Hfardata               fardata      000000
__Hheap                  heap         000000
__Hibigdata              ibigdata     000000
__Hidata                 idata        000000
__Hidloc                 idloc        000000
__Hifardata              ifardata     000000
__Hinit                  init         00001E
__Hintsave_regs          intsave_regs 000000
__Hirdata                irdata       000000
__Hivt0x8                ivt0x8       00001A
__Hmediumconst           mediumconst  000000
__HnvFARRAM              nvFARRAM     000000
__Hnvbit                 nvbit        000000
__Hnvrram                nvrram       000000
__Hparam                 rparam       000000
__Hpowerup               powerup      000000
__Hram                   ram          000000
__Hramtop                ramtop       001000
__Hrbit                  rbit         000000
__Hrbss                  rbss         000000
__Hrdata                 rdata        000000
__Hreset_vec             reset_vec    000004
__Hrparam                rparam       000000
__Hsfr                   sfr          000000
__Hsmallconst            smallconst   001010
__Hspace_0               (abs)        001216
__Hspace_1               (abs)        00000D
__Hspace_2               (abs)        000000
__Hspace_4               (abs)        60000A
__Hstack                 stack        000000
__Hstruct                struct       000000
__Htemp                  temp         000000
__Htext                  text         000000
__Htext0                 text0        000000
__Htext1                 text1        000000
__Htext2                 text2        000000
__Htext3                 text3        000000
__LRAM                   (abs)        000001
__L__absolute__          __absolute__ 000000
__Labs1                  abs1         000000
__Lbank0                 bank0        000000
__Lbank1                 bank1        000000
__Lbank10                bank10       000000
__Lbank11                bank11       000000
__Lbank12                bank12       000000
__Lbank13                bank13       000000
__Lbank14                bank14       000000
__Lbank15                bank15       000000
__Lbank2                 bank2        000000
__Lbank3                 bank3        000000
__Lbank4                 bank4        000000
__Lbank5                 bank5        000000
__Lbank6                 bank6        000000
__Lbank7                 bank7        000000
__Lbank8                 bank8        000000
__Lbank9                 bank9        000000
__Lbigbss                bigbss       000000
__Lbigdata               bigdata      000000
__Lbigram                bigram       000000
__Lbigsfr                bigsfr       000000
__Lbss                   bss          000000
__LbssCOMRAM             bssCOMRAM    000000
__Lcinit                 cinit        000000
__Lclrtext               clrtext      000000
__Lcomram                comram       000000
__Lconfig                config       000000
__Lconst                 const        000000
__LcstackCOMRAM          cstackCOMRAM 000000
__Ldata                  data         000000
__Leeprom_data           eeprom_data  000000
__Lfarbss                farbss       000000
__Lfardata               fardata      000000
__Lheap                  heap         000000
__Libigdata              ibigdata     000000
__Lidata                 idata        000000
__Lidloc                 idloc        000000
__Lifardata              ifardata     000000
__Linit                  init         00001A
__Lintsave_regs          intsave_regs 000000
__Lirdata                irdata       000000
__Livt0x8                ivt0x8       000008
__Lmediumconst           mediumconst  000000
__LnvFARRAM              nvFARRAM     000000
__Lnvbit                 nvbit        000000
__Lnvrram                nvrram       000000
__Lparam                 rparam       000000
__Lpowerup               powerup      000000
__Lram                   ram          000000
__Lramtop                ramtop       001000
__Lrbit                  rbit         000000
__Lrbss                  rbss         000000
__Lrdata                 rdata        000000
__Lreset_vec             reset_vec    000000
__Lrparam                rparam       000000
__Lsfr                   sfr          000000
__Lsmallconst            smallconst   001000
__Lspace_0               (abs)        000000
__Lspace_1               (abs)        000000
__Lspace_2               (abs)        000000
__Lspace_4               (abs)        000000
__Lstack                 stack        000000
__Lstruct                struct       000000
__Ltemp                  temp         000000
__Ltext                  text         000000
__Ltext0                 text0        000000
__Ltext1                 text1        000000
__Ltext2                 text2        000000
__Ltext3                 text3        000000
__S0                     (abs)        001216
__S1                     (abs)        00000D
__S4                     (abs)        000000
__S5                     (abs)        000000
___heap_hi               (abs)        000000
___heap_lo               (abs)        000000
___inthi_sp              stack        000000
___inthi_stack_hi        stack        000000
___inthi_stack_lo        stack        000000
___intlo_sp              stack        000000
___intlo_stack_hi        stack        000000
___intlo_stack_lo        stack        000000
___param_bank            (abs)        000000
___rparam_used           (abs)        000001
___sp                    stack        000000
___stack_hi              stack        000000
___stack_lo              stack        000000
__accesstop              (abs)        000060
__activetblptr           (abs)        000001
__end_of__initialization cinit        001208
__end_of_bt_send_str     text3        001144
__end_of_init_hw         text1        0011F8
__end_of_isr             text2        0010D8
__end_of_main            text0        0011A6
__initialization         cinit        0011F8
__mediumconst            smallconst   001000
__pbssCOMRAM             bssCOMRAM    00000B
__pcinit                 cinit        0011F8
__pcstackCOMRAM          cstackCOMRAM 000001
__pivt0x8                ivt0x8       000008
__psmallconst            smallconst   001000
__ptext0                 text0        001144
__ptext1                 text1        0011A6
__ptext2                 text2        001010
__ptext3                 text3        0010D8
__ramtop                 ramtop       001000
__smallconst             smallconst   001000
_blink_rb5               bssCOMRAM    00000C
_bt_send_str             text3        0010D8
_init_hw                 text1        0011A6
_ioc_rc0_event           bssCOMRAM    00000B
_isr                     text2        001010
_main                    text0        001144
bt_send_str@s            cstackCOMRAM 000001
end_of_initialization    cinit        001208
intlevel0                text         000000
intlevel1                text         000000
intlevel2                text         000000
intlevel3                text         000000
isa$std                  (abs)        000001
isa$xinst                (abs)        000000
isr@c                    cstackCOMRAM 000006
ivt0x8_base              ivt0x8       000008
main@tick50_rb5          cstackCOMRAM 00000A
main@tick50_rc2          cstackCOMRAM 000009
stackhi                  (abs)        000000
stacklo                  (abs)        000000
start                    init         00001A
start_initialization     cinit        0011F8


MODULE INFORMATION

Module		Function		Class		Link	Load	Size
EXO7.c
		_init_hw       		CODE           	11A6	0000	82
		_main          		CODE           	1144	0000	98
		_isr           		CODE           	1010	0000	200
		_bt_send_str   		CODE           	10D8	0000	108

EXO7.c estimated size: 488

shared
		__initialization		CODE           	11F8	0000	16

shared estimated size: 16

