Microchip MPLAB XC8 Compiler V3.10

Linker command line:

-W-3 \
  --edf=C:\Program Files\Microchip\xc8\v3.10\pic\dat\20250813170317_en.msgs \
  -pivt0x8=08h -cn -h+dist/default/production\exo-6.X.production.sym \
  --cmf=dist/default/production\exo-6.X.production.cmf -z -Q18F26K83 \
  -oC:\Users\admin\AppData\Local\Temp\xcAslgo.0\driver_tmp_3.o \
  --defsym=__MPLAB_BUILD=1 --fixupoverflow=error \
  -Mdist/default/production/exo-6.X.production.map \
  --md=C:\Users\admin\AppData\Local\Temp\xcAslgo.0\driver_tmp_0.dat -E1 \
  -ver=XC8 Compiler -ACODE=00h-0FFFFh -ACONST=00h-0FFFFh \
  -ASMALLCONST=01000h-010FFhx240 -AMEDIUMCONST=01000h-0FFFFh \
  -ACOMRAM=01h-05Fh -AABS1=00h-0FFFh -ABIGRAM=01h-0FFFh \
  -ARAM=060h-0FFh,0100h-01FFhx15 -ABANK0=060h-0FFh -ABANK1=0100h-01FFh \
  -ABANK2=0200h-02FFh -ABANK3=0300h-03FFh -ABANK4=0400h-04FFh \
  -ABANK5=0500h-05FFh -ABANK6=0600h-06FFh -ABANK7=0700h-07FFh \
  -ABANK8=0800h-08FFh -ABANK9=0900h-09FFh -ABANK10=0A00h-0AFFh \
  -ABANK11=0B00h-0BFFh -ABANK12=0C00h-0CFFh -ABANK13=0D00h-0DFFh \
  -ABANK14=0E00h-0EFFh -ABANK15=0F00h-0FFFh \
  -ASFR=03700h-037FFhx8,03F00h-03F5Fh,03F60h-03FFFh -ABIGSFR=03700h-03FFFh \
  -ACONFIG=0300000h-0300009h -AIDLOC=0200000h-020000Fh \
  -AEEDATA=0310000h-03103FFh -peeprom_data=EEDATA -preset_vec=00h \
  -ppowerup=CODE,init -pramtop=01000h -psmallconst=SMALLCONST \
  -pmediumconst=MEDIUMCONST -pconst=CONST -AFARRAM=00h-00h \
  -prdata=COMRAM,nvrram=COMRAM,nvbit=COMRAM,rbss=COMRAM,rbit=COMRAM \
  -pfarbss=FARRAM,fardata=FARRAM,nvFARRAM=FARRAM \
  -pintsave_regs=BIGRAM,bigbss=BIGRAM,bigdata=BIGRAM -pbss=RAM \
  -pidata=CODE,irdata=CODE,ibigdata=CODE,ifardata=CODE -prparam=COMRAM \
  C:\Users\admin\AppData\Local\Temp\xcAslgo.0\driver_tmp_9.o \
  dist/default/production\exo-6.X.production.o 

Object code version is 3.11

Machine type is 18F26K83



                Name                               Link     Load   Length Selector   Space Scale
C:\Users\admin\AppData\Local\Temp\xcAslgo.0\driver_tmp_9.o
                config                           300000   300000        A        0       4
                init                                 1A       1A        4        4       0
                reset_vec                             0        0        4        0       0
dist/default/production\exo-6.X.production.o
                config                           300000   300000        A        0       4
                smallconst                         1000     1000        2      800       0
                ivt0x8                                8        8       12        4       0
                text5                              112E     112E       7A      801       0
                text4                              11A8     11A8       5C      801       0
                text3                              1204     1204       20      801       0
                text2                              1236     1236        E      801       0
                text1                              10B2     10B2       7C      801       0
                text0                              1002     1002       B0      801       0
                cstackCOMRAM                          1        1        8        1       1
                cinit                              1224     1224       12      801       0

TOTAL           Name                               Link     Load   Length     Space
        CLASS   CODE           
                init                                 1A       1A        4         0
                reset_vec                             0        0        4         0
                ivt0x8                                8        8       12         0
                text5                              112E     112E       7A         0
                text4                              11A8     11A8       5C         0
                text3                              1204     1204       20         0
                text2                              1236     1236        E         0
                text1                              10B2     10B2       7C         0
                text0                              1002     1002       B0         0
                cinit                              1224     1224       12         0

        CLASS   CONST          

        CLASS   SMALLCONST     
                smallconst                         1000     1000        2         0

        CLASS   MEDIUMCONST    

        CLASS   COMRAM         
                cstackCOMRAM                          1        1        8         1

        CLASS   ABS1           

        CLASS   BIGRAM         

        CLASS   RAM            

        CLASS   BANK0          

        CLASS   BANK1          

        CLASS   BANK2          

        CLASS   BANK3          

        CLASS   BANK4          

        CLASS   BANK5          

        CLASS   BANK6          

        CLASS   BANK7          

        CLASS   BANK8          

        CLASS   BANK9          

        CLASS   BANK10         

        CLASS   BANK11         

        CLASS   BANK12         

        CLASS   BANK13         

        CLASS   BANK14         

        CLASS   BANK15         

        CLASS   SFR            

        CLASS   BIGSFR         

        CLASS   CONFIG         
                config                           300000   300000        A         4

        CLASS   IDLOC          

        CLASS   EEDATA         

        CLASS   FARRAM         

        CLASS   HEAP           

        CLASS   STACK          



SEGMENTS        Name                           Load    Length   Top    Selector   Space  Class

                reset_vec                      000000  000004  000004         0       0  CODE    
                cstackCOMRAM                   000001  000008  000009         1       1  COMRAM  
                ivt0x8                         000008  000016  00001E         4       0  CODE    
                smallconst                     001000  000002  001002       800       0  SMALLCON
                text0                          001002  000242  001244       801       0  CODE    


UNUSED ADDRESS RANGES

        Name                Unused          Largest block    Delta
        BANK0            000060-0000FF               A0
        BANK1            000100-0001FF              100
        BANK10           000A00-000AFF              100
        BANK11           000B00-000BFF              100
        BANK12           000C00-000CFF              100
        BANK13           000D00-000DFF              100
        BANK14           000E00-000EFF              100
        BANK15           000F00-000FFF              100
        BANK2            000200-0002FF              100
        BANK3            000300-0003FF              100
        BANK4            000400-0004FF              100
        BANK5            000500-0005FF              100
        BANK6            000600-0006FF              100
        BANK7            000700-0007FF              100
        BANK8            000800-0008FF              100
        BANK9            000900-0009FF              100
        BIGRAM           000009-000FFF              FF7
        BIGSFR           003700-003FFF              900
        CODE             000004-000007                4
                         00001E-000FFF              FE2
                         001244-00FFFF             EDBC
        COMRAM           000009-00005F               57
        CONST            000004-000007                4
                         00001E-000FFF              FE2
                         001244-00FFFF             EDBC
        EEDATA           310000-3103FF              400
        IDLOC            200000-20000F               10
        MEDIUMCONST      001244-00FFFF             EDBC
        RAM              000060-000FFF              100
        SFR              003700-003FFF              100
        SMALLCONST       001244-00FFFF              100

                                  Symbol Table

IVTBASEH                 (abs)        003FD6
IVTBASEL                 (abs)        003FD5
IVTBASEU                 (abs)        003FD7
Lcd_Cmd@a                cstackCOMRAM 000004
Lcd_Port@a               cstackCOMRAM 000002
_ANSELA                  (abs)        003A40
_ANSELB                  (abs)        003A50
_ANSELC                  (abs)        003A60
_I2C2CLK                 (abs)        003D65
_I2C2CON0                (abs)        003D5D
_I2C2SCLPPS              (abs)        003AE5
_I2C2SDAPPS              (abs)        003AE6
_INTCON0                 (abs)        003FD2
_IOCCFbits               (abs)        003A67
_IOCCN                   (abs)        003A66
_Lcd_Clear               text2        001236
_Lcd_Cmd                 text3        001204
_Lcd_Init                text1        0010B2
_Lcd_Port                text4        0011A8
_ODCONB                  (abs)        003A52
_PIE0                    (abs)        003990
_PIE3bits                (abs)        003993
_PIR3bits                (abs)        0039A3
_PORTAbits               (abs)        003FCA
_PORTB                   (abs)        003FCB
_PORTBbits               (abs)        003FCB
_PORTC                   (abs)        003FCC
_PORTCbits               (abs)        003FCC
_RB1PPS                  (abs)        003A09
_RB2PPS                  (abs)        003A0A
_RC3PPS                  (abs)        003A13
_RC5PPS                  (abs)        003A15
_RC6PPS                  (abs)        003A16
_SPI1BAUD                (abs)        003D19
_SPI1CLK                 (abs)        003D1C
_SPI1CON0                (abs)        003D14
_SPI1CON1                (abs)        003D15
_SPI1SDIPPS              (abs)        003AE1
_SPI1TCNTH               (abs)        003D13
_SPI1TCNTL               (abs)        003D12
_SPI1TWIDTH              (abs)        003D18
_TRISA                   (abs)        003FC2
_TRISB                   (abs)        003FC3
_TRISC                   (abs)        003FC4
_U1BRG                   (abs)        003DF5
_U1CON0                  (abs)        003DF2
_U1CON0bits              (abs)        003DF2
_U1CON1                  (abs)        003DF3
_U1CON2                  (abs)        003DF4
_U1RXPPS                 (abs)        003AE7
_U1TXB                   (abs)        003DEA
__HRAM                   (abs)        000000
__H__absolute__          __absolute__ 000000
__Habs1                  abs1         000000
__Hbank0                 bank0        000000
__Hbank1                 bank1        000000
__Hbank10                bank10       000000
__Hbank11                bank11       000000
__Hbank12                bank12       000000
__Hbank13                bank13       000000
__Hbank14                bank14       000000
__Hbank15                bank15       000000
__Hbank2                 bank2        000000
__Hbank3                 bank3        000000
__Hbank4                 bank4        000000
__Hbank5                 bank5        000000
__Hbank6                 bank6        000000
__Hbank7                 bank7        000000
__Hbank8                 bank8        000000
__Hbank9                 bank9        000000
__Hbigbss                bigbss       000000
__Hbigdata               bigdata      000000
__Hbigram                bigram       000000
__Hbigsfr                bigsfr       000000
__Hbss                   bss          000000
__Hcinit                 cinit        000000
__Hclrtext               clrtext      000000
__Hcomram                comram       000000
__Hconfig                config       30000A
__Hconst                 const        000000
__HcstackCOMRAM          cstackCOMRAM 000000
__Hdata                  data         000000
__Heeprom_data           eeprom_data  000000
__Hfarbss                farbss       000000
__Hfardata               fardata      000000
__Hheap                  heap         000000
__Hibigdata              ibigdata     000000
__Hidata                 idata        000000
__Hidloc                 idloc        000000
__Hifardata              ifardata     000000
__Hinit                  init         00001E
__Hintsave_regs          intsave_regs 000000
__Hirdata                irdata       000000
__Hivt0x8                ivt0x8       00001A
__Hmediumconst           mediumconst  000000
__HnvFARRAM              nvFARRAM     000000
__Hnvbit                 nvbit        000000
__Hnvrram                nvrram       000000
__Hparam                 rparam       000000
__Hpowerup               powerup      000000
__Hram                   ram          000000
__Hramtop                ramtop       001000
__Hrbit                  rbit         000000
__Hrbss                  rbss         000000
__Hrdata                 rdata        000000
__Hreset_vec             reset_vec    000004
__Hrparam                rparam       000000
__Hsfr                   sfr          000000
__Hsmallconst            smallconst   001002
__Hspace_0               (abs)        001244
__Hspace_1               (abs)        000009
__Hspace_2               (abs)        000000
__Hspace_4               (abs)        60000A
__Hstack                 stack        000000
__Hstruct                struct       000000
__Htemp                  temp         000000
__Htext                  text         000000
__Htext0                 text0        000000
__Htext1                 text1        000000
__Htext2                 text2        000000
__Htext3                 text3        000000
__Htext4                 text4        000000
__Htext5                 text5        000000
__LRAM                   (abs)        000001
__L__absolute__          __absolute__ 000000
__Labs1                  abs1         000000
__Lbank0                 bank0        000000
__Lbank1                 bank1        000000
__Lbank10                bank10       000000
__Lbank11                bank11       000000
__Lbank12                bank12       000000
__Lbank13                bank13       000000
__Lbank14                bank14       000000
__Lbank15                bank15       000000
__Lbank2                 bank2        000000
__Lbank3                 bank3        000000
__Lbank4                 bank4        000000
__Lbank5                 bank5        000000
__Lbank6                 bank6        000000
__Lbank7                 bank7        000000
__Lbank8                 bank8        000000
__Lbank9                 bank9        000000
__Lbigbss                bigbss       000000
__Lbigdata               bigdata      000000
__Lbigram                bigram       000000
__Lbigsfr                bigsfr       000000
__Lbss                   bss          000000
__Lcinit                 cinit        000000
__Lclrtext               clrtext      000000
__Lcomram                comram       000000
__Lconfig                config       000000
__Lconst                 const        000000
__LcstackCOMRAM          cstackCOMRAM 000000
__Ldata                  data         000000
__Leeprom_data           eeprom_data  000000
__Lfarbss                farbss       000000
__Lfardata               fardata      000000
__Lheap                  heap         000000
__Libigdata              ibigdata     000000
__Lidata                 idata        000000
__Lidloc                 idloc        000000
__Lifardata              ifardata     000000
__Linit                  init         00001A
__Lintsave_regs          intsave_regs 000000
__Lirdata                irdata       000000
__Livt0x8                ivt0x8       000008
__Lmediumconst           mediumconst  000000
__LnvFARRAM              nvFARRAM     000000
__Lnvbit                 nvbit        000000
__Lnvrram                nvrram       000000
__Lparam                 rparam       000000
__Lpowerup               powerup      000000
__Lram                   ram          000000
__Lramtop                ramtop       001000
__Lrbit                  rbit         000000
__Lrbss                  rbss         000000
__Lrdata                 rdata        000000
__Lreset_vec             reset_vec    000000
__Lrparam                rparam       000000
__Lsfr                   sfr          000000
__Lsmallconst            smallconst   001000
__Lspace_0               (abs)        000000
__Lspace_1               (abs)        000000
__Lspace_2               (abs)        000000
__Lspace_4               (abs)        000000
__Lstack                 stack        000000
__Lstruct                struct       000000
__Ltemp                  temp         000000
__Ltext                  text         000000
__Ltext0                 text0        000000
__Ltext1                 text1        000000
__Ltext2                 text2        000000
__Ltext3                 text3        000000
__Ltext4                 text4        000000
__Ltext5                 text5        000000
__S0                     (abs)        001244
__S1                     (abs)        000009
__S4                     (abs)        000000
__S5                     (abs)        000000
___heap_hi               (abs)        000000
___heap_lo               (abs)        000000
___inthi_sp              stack        000000
___inthi_stack_hi        stack        000000
___inthi_stack_lo        stack        000000
___intlo_sp              stack        000000
___intlo_stack_hi        stack        000000
___intlo_stack_lo        stack        000000
___param_bank            (abs)        000000
___rparam_used           (abs)        000001
___sp                    stack        000000
___stack_hi              stack        000000
___stack_lo              stack        000000
__accesstop              (abs)        000060
__activetblptr           (abs)        000000
__end_of_Lcd_Clear       text2        001244
__end_of_Lcd_Cmd         text3        001224
__end_of_Lcd_Init        text1        00112E
__end_of_Lcd_Port        text4        001204
__end_of__initialization cinit        001230
__end_of_fonc            text5        0011A8
__end_of_main            text0        0010B2
__initialization         cinit        001224
__mediumconst            smallconst   001000
__pcinit                 cinit        001224
__pcstackCOMRAM          cstackCOMRAM 000001
__pivt0x8                ivt0x8       000008
__psmallconst            smallconst   001000
__ptext0                 text0        001002
__ptext1                 text1        0010B2
__ptext2                 text2        001236
__ptext3                 text3        001204
__ptext4                 text4        0011A8
__ptext5                 text5        00112E
__ramtop                 ramtop       001000
__smallconst             smallconst   001000
_fonc                    text5        00112E
_main                    text0        001002
end_of_initialization    cinit        001230
intlevel0                text         000000
intlevel1                text         000000
intlevel2                text         000000
intlevel3                text         000000
isa$std                  (abs)        000001
isa$xinst                (abs)        000000
ivt0x8_base              ivt0x8       000008
stackhi                  (abs)        000000
stacklo                  (abs)        000000
start                    init         00001A
start_initialization     cinit        001224


MODULE INFORMATION

Module		Function		Class		Link	Load	Size
./lcd.h
		_Lcd_Init      		CODE           	10B2	0000	124
		_Lcd_Cmd       		CODE           	1204	0000	32
		_Lcd_Clear     		CODE           	1236	0000	14
		_Lcd_Port      		CODE           	11A8	0000	92

./lcd.h estimated size: 262

EXO6INT26K83.c
		_main          		CODE           	1002	0000	176
		_fonc          		CODE           	112E	0000	122

EXO6INT26K83.c estimated size: 298

shared
		__initialization		CODE           	1224	0000	12

shared estimated size: 12

