Microchip MPLAB XC8 Compiler V3.10

Linker command line:

-W-3 \
  --edf=C:\Program Files\Microchip\xc8\v3.10\pic\dat\20250813170317_en.msgs \
  -cn -h+dist/default/production\exo-4.X.production.sym \
  --cmf=dist/default/production\exo-4.X.production.cmf -z -Q18F26K83 \
  -oC:\Users\admin\AppData\Local\Temp\xcAsewc.0\driver_tmp_3.o \
  --defsym=__MPLAB_BUILD=1 --fixupoverflow=error \
  -Mdist/default/production/exo-4.X.production.map \
  --md=C:\Users\admin\AppData\Local\Temp\xcAsewc.0\driver_tmp_0.dat -E1 \
  -ver=XC8 Compiler -ACODE=00h-0FFFFh -ACONST=00h-0FFFFh \
  -ASMALLCONST=01000h-010FFhx240 -AMEDIUMCONST=01000h-0FFFFh \
  -ACOMRAM=01h-05Fh -AABS1=00h-0FFFh -ABIGRAM=01h-0FFFh \
  -ARAM=060h-0FFh,0100h-01FFhx15 -ABANK0=060h-0FFh -ABANK1=0100h-01FFh \
  -ABANK2=0200h-02FFh -ABANK3=0300h-03FFh -ABANK4=0400h-04FFh \
  -ABANK5=0500h-05FFh -ABANK6=0600h-06FFh -ABANK7=0700h-07FFh \
  -ABANK8=0800h-08FFh -ABANK9=0900h-09FFh -ABANK10=0A00h-0AFFh \
  -ABANK11=0B00h-0BFFh -ABANK12=0C00h-0CFFh -ABANK13=0D00h-0DFFh \
  -ABANK14=0E00h-0EFFh -ABANK15=0F00h-0FFFh \
  -ASFR=03700h-037FFhx8,03F00h-03F5Fh,03F60h-03FFFh -ABIGSFR=03700h-03FFFh \
  -ACONFIG=0300000h-0300009h -AIDLOC=0200000h-020000Fh \
  -AEEDATA=0310000h-03103FFh -peeprom_data=EEDATA -preset_vec=00h \
  -ppowerup=CODE,init -pramtop=01000h -psmallconst=SMALLCONST \
  -pmediumconst=MEDIUMCONST -pconst=CONST -AFARRAM=00h-00h \
  -prdata=COMRAM,nvrram=COMRAM,nvbit=COMRAM,rbss=COMRAM,rbit=COMRAM \
  -pfarbss=FARRAM,fardata=FARRAM,nvFARRAM=FARRAM \
  -pintsave_regs=BIGRAM,bigbss=BIGRAM,bigdata=BIGRAM -pbss=RAM \
  -pidata=CODE,irdata=CODE,ibigdata=CODE,ifardata=CODE -prparam=COMRAM \
  C:\Users\admin\AppData\Local\Temp\xcAsewc.0\driver_tmp_14.o \
  dist/default/production\exo-4.X.production.o 

Object code version is 3.11

Machine type is 18F26K83



                Name                               Link     Load   Length Selector   Space Scale
C:\Users\admin\AppData\Local\Temp\xcAsewc.0\driver_tmp_14.o
                config                           300000   300000        A        0       4
                init                               FFFC     FFFC        4     7FFE       0
                reset_vec                             0        0        4        0       0
dist/default/production\exo-4.X.production.o
                config                           300000   300000        A        0       4
                smallconst                         1000     1000       26      800       0
                text22                             1B7E     1B7E       5C      813       0
                text21                             1D32     1D32       20      813       0
                text20                             1D6A     1D6A        E      813       0
                text19                             1A36     1A36       7C      813       0
                text18                             1B18     1B18       66      813       0
                text17                             1C94     1C94       38      813       0
                text16                             1CCC     1CCC       36      813       0
                text15                             17D8     17D8       AE      813       0
                text14                             1C1A     1C1A       40      813       0
                text13                             1672     1672       B8      813       0
                text12                             172A     172A       AE      813       0
                text11                             1D78     1D78        2      813       0
                text10                             1886     1886       AC      813       0
                text9                              1412     1412      16A      813       0
                text8                              1C5A     1C5A       3A      813       0
                text7                              1932     1932       84      813       0
                text6                              157C     157C       F6      813       0
                text5                              1026     1026      266      813       0
                text4                              1BDA     1BDA       40      813       0
                text3                              1D02     1D02       30      813       0
                text2                              19B6     19B6       80      813       0
                text1                              1AB2     1AB2       66      813       0
                text0                              128C     128C      186      813       0
                cstackCOMRAM                          1        1       5E        1       1
                bssBANK0                             60       60       24       60       1
                bssCOMRAM                            5F       5F        1        1       1
                cinit                              1D52     1D52       18      813       0

TOTAL           Name                               Link     Load   Length     Space
        CLASS   CODE           
                init                               FFFC     FFFC        4         0
                reset_vec                             0        0        4         0
                text22                             1B7E     1B7E       5C         0
                text21                             1D32     1D32       20         0
                text20                             1D6A     1D6A        E         0
                text19                             1A36     1A36       7C         0
                text18                             1B18     1B18       66         0
                text17                             1C94     1C94       38         0
                text16                             1CCC     1CCC       36         0
                text15                             17D8     17D8       AE         0
                text14                             1C1A     1C1A       40         0
                text13                             1672     1672       B8         0
                text12                             172A     172A       AE         0
                text11                             1D78     1D78        2         0
                text10                             1886     1886       AC         0
                text9                              1412     1412      16A         0
                text8                              1C5A     1C5A       3A         0
                text7                              1932     1932       84         0
                text6                              157C     157C       F6         0
                text5                              1026     1026      266         0
                text4                              1BDA     1BDA       40         0
                text3                              1D02     1D02       30         0
                text2                              19B6     19B6       80         0
                text1                              1AB2     1AB2       66         0
                text0                              128C     128C      186         0
                cinit                              1D52     1D52       18         0

        CLASS   CONST          

        CLASS   SMALLCONST     
                smallconst                         1000     1000       26         0

        CLASS   MEDIUMCONST    

        CLASS   COMRAM         
                cstackCOMRAM                          1        1       5E         1
                bssCOMRAM                            5F       5F        1         1

        CLASS   ABS1           

        CLASS   BIGRAM         

        CLASS   RAM            

        CLASS   BANK0          
                bssBANK0                             60       60       24         1

        CLASS   BANK1          

        CLASS   BANK2          

        CLASS   BANK3          

        CLASS   BANK4          

        CLASS   BANK5          

        CLASS   BANK6          

        CLASS   BANK7          

        CLASS   BANK8          

        CLASS   BANK9          

        CLASS   BANK10         

        CLASS   BANK11         

        CLASS   BANK12         

        CLASS   BANK13         

        CLASS   BANK14         

        CLASS   BANK15         

        CLASS   SFR            

        CLASS   BIGSFR         

        CLASS   CONFIG         
                config                           300000   300000        A         4

        CLASS   IDLOC          

        CLASS   EEDATA         

        CLASS   FARRAM         

        CLASS   HEAP           

        CLASS   STACK          



SEGMENTS        Name                           Load    Length   Top    Selector   Space  Class

                reset_vec                      000000  000004  000004         0       0  CODE    
                cstackCOMRAM                   000001  00005F  000060         1       1  COMRAM  
                bssBANK0                       000060  000024  000084        60       1  BANK0   
                smallconst                     001000  000026  001026       800       0  SMALLCON
                text5                          001026  000D54  001D7A       813       0  CODE    
                init                           00FFFC  000004  010000      7FFE       0  CODE    


UNUSED ADDRESS RANGES

        Name                Unused          Largest block    Delta
        BANK0            000084-0000FF               7C
        BANK1            000100-0001FF              100
        BANK10           000A00-000AFF              100
        BANK11           000B00-000BFF              100
        BANK12           000C00-000CFF              100
        BANK13           000D00-000DFF              100
        BANK14           000E00-000EFF              100
        BANK15           000F00-000FFF              100
        BANK2            000200-0002FF              100
        BANK3            000300-0003FF              100
        BANK4            000400-0004FF              100
        BANK5            000500-0005FF              100
        BANK6            000600-0006FF              100
        BANK7            000700-0007FF              100
        BANK8            000800-0008FF              100
        BANK9            000900-0009FF              100
        BIGRAM           000084-000FFF              F7C
        BIGSFR           003700-003FFF              900
        CODE             000004-000FFF              FFC
                         001D7A-00FFFB             E282
        CONST            000004-000FFF              FFC
                         001D7A-00FFFB             E282
        EEDATA           310000-3103FF              400
        IDLOC            200000-20000F               10
        MEDIUMCONST      001D7A-00FFFB             E282
        RAM              000084-000FFF              100
        SFR              003700-003FFF              100
        SMALLCONST       001D7A-00FFFB              100

                                  Symbol Table

?_read_prec_or_width        cstackCOMRAM 000001
?_sprintf                   cstackCOMRAM 000030
?_vfprintf                  cstackCOMRAM 00002C
Lcd_Cmd@a                   cstackCOMRAM 000003
Lcd_Port@a                  cstackCOMRAM 000001
Lcd_Set_Cursor@a            cstackCOMRAM 000005
Lcd_Set_Cursor@b            cstackCOMRAM 000004
Lcd_Set_Cursor@temp         cstackCOMRAM 000008
Lcd_Set_Cursor@y            cstackCOMRAM 000007
Lcd_Set_Cursor@z            cstackCOMRAM 000006
Lcd_Write_Char@a            cstackCOMRAM 000004
Lcd_Write_Char@temp         cstackCOMRAM 000002
Lcd_Write_Char@y            cstackCOMRAM 000003
Lcd_Write_String@a          cstackCOMRAM 000005
Lcd_Write_String@i          cstackCOMRAM 000006
_ANSELA                     (abs)        003A40
_ANSELB                     (abs)        003A50
_ANSELC                     (abs)        003A60
_I2C2CLK                    (abs)        003D65
_I2C2CON0                   (abs)        003D5D
_I2C2SCLPPS                 (abs)        003AE5
_I2C2SDAPPS                 (abs)        003AE6
_Lcd_Clear                  text20       001D6A
_Lcd_Cmd                    text21       001D32
_Lcd_Init                   text19       001A36
_Lcd_Port                   text22       001B7E
_Lcd_Set_Cursor             text18       001B18
_Lcd_Write_Char             text17       001C94
_Lcd_Write_String           text16       001CCC
_ODCONB                     (abs)        003A52
_PIR3bits                   (abs)        0039A3
_PORTAbits                  (abs)        003FCA
_PORTB                      (abs)        003FCB
_PORTBbits                  (abs)        003FCB
_PORTC                      (abs)        003FCC
_PORTCbits                  (abs)        003FCC
_RB1PPS                     (abs)        003A09
_RB2PPS                     (abs)        003A0A
_RC3PPS                     (abs)        003A13
_RC5PPS                     (abs)        003A15
_RC6PPS                     (abs)        003A16
_SPI1BAUD                   (abs)        003D19
_SPI1CLK                    (abs)        003D1C
_SPI1CON0                   (abs)        003D14
_SPI1CON0bits               (abs)        003D14
_SPI1CON1                   (abs)        003D15
_SPI1CON2bits               (abs)        003D16
_SPI1RXB                    (abs)        003D10
_SPI1SDIPPS                 (abs)        003AE1
_SPI1STATUSbits             (abs)        003D17
_SPI1TCNTH                  (abs)        003D13
_SPI1TCNTL                  (abs)        003D12
_SPI1TWIDTH                 (abs)        003D18
_SPI1TXB                    (abs)        003D11
_TRISA                      (abs)        003FC2
_TRISB                      (abs)        003FC3
_TRISC                      (abs)        003FC4
_U1BRG                      (abs)        003DF5
_U1CON0                     (abs)        003DF2
_U1CON1                     (abs)        003DF3
_U1CON2                     (abs)        003DF4
_U1RXPPS                    (abs)        003AE7
_U1TXB                      (abs)        003DEA
__HRAM                      (abs)        000000
__H__absolute__             __absolute__ 000000
__Habs1                     abs1         000000
__Hbank0                    bank0        000000
__Hbank1                    bank1        000000
__Hbank10                   bank10       000000
__Hbank11                   bank11       000000
__Hbank12                   bank12       000000
__Hbank13                   bank13       000000
__Hbank14                   bank14       000000
__Hbank15                   bank15       000000
__Hbank2                    bank2        000000
__Hbank3                    bank3        000000
__Hbank4                    bank4        000000
__Hbank5                    bank5        000000
__Hbank6                    bank6        000000
__Hbank7                    bank7        000000
__Hbank8                    bank8        000000
__Hbank9                    bank9        000000
__Hbigbss                   bigbss       000000
__Hbigdata                  bigdata      000000
__Hbigram                   bigram       000000
__Hbigsfr                   bigsfr       000000
__Hbss                      bss          000000
__HbssBANK0                 bssBANK0     000000
__HbssCOMRAM                bssCOMRAM    000000
__Hcinit                    cinit        000000
__Hclrtext                  clrtext      000000
__Hcomram                   comram       000000
__Hconfig                   config       30000A
__Hconst                    const        000000
__HcstackCOMRAM             cstackCOMRAM 000000
__Hdata                     data         000000
__Heeprom_data              eeprom_data  000000
__Hfarbss                   farbss       000000
__Hfardata                  fardata      000000
__Hheap                     heap         000000
__Hibigdata                 ibigdata     000000
__Hidata                    idata        000000
__Hidloc                    idloc        000000
__Hifardata                 ifardata     000000
__Hinit                     init         010000
__Hintsave_regs             intsave_regs 000000
__Hirdata                   irdata       000000
__Hmediumconst              mediumconst  000000
__HnvFARRAM                 nvFARRAM     000000
__Hnvbit                    nvbit        000000
__Hnvrram                   nvrram       000000
__Hparam                    rparam       000000
__Hpowerup                  powerup      000000
__Hram                      ram          000000
__Hramtop                   ramtop       001000
__Hrbit                     rbit         000000
__Hrbss                     rbss         000000
__Hrdata                    rdata        000000
__Hreset_vec                reset_vec    000004
__Hrparam                   rparam       000000
__Hsfr                      sfr          000000
__Hsmallconst               smallconst   001026
__Hspace_0                  (abs)        010000
__Hspace_1                  (abs)        000084
__Hspace_2                  (abs)        000000
__Hspace_4                  (abs)        60000A
__Hstack                    stack        000000
__Hstruct                   struct       000000
__Htemp                     temp         000000
__Htext                     text         000000
__Htext0                    text0        000000
__Htext1                    text1        000000
__Htext10                   text10       000000
__Htext11                   text11       000000
__Htext12                   text12       000000
__Htext13                   text13       000000
__Htext14                   text14       000000
__Htext15                   text15       000000
__Htext16                   text16       000000
__Htext17                   text17       000000
__Htext18                   text18       000000
__Htext19                   text19       000000
__Htext2                    text2        000000
__Htext20                   text20       000000
__Htext21                   text21       000000
__Htext22                   text22       000000
__Htext3                    text3        000000
__Htext4                    text4        000000
__Htext5                    text5        000000
__Htext6                    text6        000000
__Htext7                    text7        000000
__Htext8                    text8        000000
__Htext9                    text9        000000
__LRAM                      (abs)        000001
__L__absolute__             __absolute__ 000000
__Labs1                     abs1         000000
__Lbank0                    bank0        000000
__Lbank1                    bank1        000000
__Lbank10                   bank10       000000
__Lbank11                   bank11       000000
__Lbank12                   bank12       000000
__Lbank13                   bank13       000000
__Lbank14                   bank14       000000
__Lbank15                   bank15       000000
__Lbank2                    bank2        000000
__Lbank3                    bank3        000000
__Lbank4                    bank4        000000
__Lbank5                    bank5        000000
__Lbank6                    bank6        000000
__Lbank7                    bank7        000000
__Lbank8                    bank8        000000
__Lbank9                    bank9        000000
__Lbigbss                   bigbss       000000
__Lbigdata                  bigdata      000000
__Lbigram                   bigram       000000
__Lbigsfr                   bigsfr       000000
__Lbss                      bss          000000
__LbssBANK0                 bssBANK0     000000
__LbssCOMRAM                bssCOMRAM    000000
__Lcinit                    cinit        000000
__Lclrtext                  clrtext      000000
__Lcomram                   comram       000000
__Lconfig                   config       000000
__Lconst                    const        000000
__LcstackCOMRAM             cstackCOMRAM 000000
__Ldata                     data         000000
__Leeprom_data              eeprom_data  000000
__Lfarbss                   farbss       000000
__Lfardata                  fardata      000000
__Lheap                     heap         000000
__Libigdata                 ibigdata     000000
__Lidata                    idata        000000
__Lidloc                    idloc        000000
__Lifardata                 ifardata     000000
__Linit                     init         00FFFC
__Lintsave_regs             intsave_regs 000000
__Lirdata                   irdata       000000
__Lmediumconst              mediumconst  000000
__LnvFARRAM                 nvFARRAM     000000
__Lnvbit                    nvbit        000000
__Lnvrram                   nvrram       000000
__Lparam                    rparam       000000
__Lpowerup                  powerup      000000
__Lram                      ram          000000
__Lramtop                   ramtop       001000
__Lrbit                     rbit         000000
__Lrbss                     rbss         000000
__Lrdata                    rdata        000000
__Lreset_vec                reset_vec    000000
__Lrparam                   rparam       000000
__Lsfr                      sfr          000000
__Lsmallconst               smallconst   001000
__Lspace_0                  (abs)        000000
__Lspace_1                  (abs)        000000
__Lspace_2                  (abs)        000000
__Lspace_4                  (abs)        000000
__Lstack                    stack        000000
__Lstruct                   struct       000000
__Ltemp                     temp         000000
__Ltext                     text         000000
__Ltext0                    text0        000000
__Ltext1                    text1        000000
__Ltext10                   text10       000000
__Ltext11                   text11       000000
__Ltext12                   text12       000000
__Ltext13                   text13       000000
__Ltext14                   text14       000000
__Ltext15                   text15       000000
__Ltext16                   text16       000000
__Ltext17                   text17       000000
__Ltext18                   text18       000000
__Ltext19                   text19       000000
__Ltext2                    text2        000000
__Ltext20                   text20       000000
__Ltext21                   text21       000000
__Ltext22                   text22       000000
__Ltext3                    text3        000000
__Ltext4                    text4        000000
__Ltext5                    text5        000000
__Ltext6                    text6        000000
__Ltext7                    text7        000000
__Ltext8                    text8        000000
__Ltext9                    text9        000000
__S0                        (abs)        010000
__S1                        (abs)        000084
__S4                        (abs)        000000
__S5                        (abs)        000000
___heap_hi                  (abs)        000000
___heap_lo                  (abs)        000000
___inthi_sp                 stack        000000
___inthi_stack_hi           stack        000000
___inthi_stack_lo           stack        000000
___intlo_sp                 stack        000000
___intlo_stack_hi           stack        000000
___intlo_stack_lo           stack        000000
___param_bank               (abs)        000000
___rparam_used              (abs)        000001
___sp                       stack        000000
___stack_hi                 stack        000000
___stack_lo                 stack        000000
__accesstop                 (abs)        000060
__activetblptr              (abs)        000002
__end_of_Lcd_Clear          text20       001D78
__end_of_Lcd_Cmd            text21       001D52
__end_of_Lcd_Init           text19       001AB2
__end_of_Lcd_Port           text22       001BDA
__end_of_Lcd_Set_Cursor     text18       001B7E
__end_of_Lcd_Write_Char     text17       001CCC
__end_of_Lcd_Write_String   text16       001D02
__end_of__initialization    cinit        001D60
__end_of_eeprom_EWEN        text14       001C5A
__end_of_eeprom_read_8      text15       001886
__end_of_eeprom_write_8     text13       00172A
__end_of_fputc              text10       001932
__end_of_fputs              text8        001C94
__end_of_main               text0        001412
__end_of_pad                text7        0019B6
__end_of_putch              text11       001D7A
__end_of_read_prec_or_width text12       0017D8
__end_of_sprintf            text3        001D32
__end_of_stoa               text9        00157C
__end_of_u8_hex             text2        001A36
__end_of_uart_send_string   text1        001B18
__end_of_vfpfcnvrt          text5        00128C
__end_of_vfprintf           text4        001C1A
__end_of_xtoa               text6        001672
__initialization            cinit        001D52
__mediumconst               smallconst   001000
__pbssBANK0                 bssBANK0     000060
__pbssCOMRAM                bssCOMRAM    00005F
__pcinit                    cinit        001D52
__pcstackCOMRAM             cstackCOMRAM 000001
__psmallconst               smallconst   001000
__ptext0                    text0        00128C
__ptext1                    text1        001AB2
__ptext10                   text10       001886
__ptext11                   text11       001D78
__ptext12                   text12       00172A
__ptext13                   text13       001672
__ptext14                   text14       001C1A
__ptext15                   text15       0017D8
__ptext16                   text16       001CCC
__ptext17                   text17       001C94
__ptext18                   text18       001B18
__ptext19                   text19       001A36
__ptext2                    text2        0019B6
__ptext20                   text20       001D6A
__ptext21                   text21       001D32
__ptext22                   text22       001B7E
__ptext3                    text3        001D02
__ptext4                    text4        001BDA
__ptext5                    text5        001026
__ptext6                    text6        00157C
__ptext7                    text7        001932
__ptext8                    text8        001C5A
__ptext9                    text9        001412
__ramtop                    ramtop       001000
__smallconst                smallconst   001000
_dbuf                       bssBANK0     000064
_eeprom_EWEN                text14       001C1A
_eeprom_read_8              text15       0017D8
_eeprom_write_8             text13       001672
_flags                      bssCOMRAM    00005F
_fputc                      text10       001886
_fputs                      text8        001C5A
_main                       text0        00128C
_pad                        text7        001932
_prec                       bssBANK0     000062
_putch                      text11       001D78
_read_prec_or_width         text12       00172A
_sprintf                    text3        001D02
_stoa                       text9        001412
_u8_hex                     text2        0019B6
_uart_send_string           text1        001AB2
_vfpfcnvrt                  text5        001026
_vfprintf                   text4        001BDA
_width                      bssBANK0     000060
_xtoa                       text6        00157C
eeprom_read_8@addr          cstackCOMRAM 000001
eeprom_read_8@b1            cstackCOMRAM 000006
eeprom_read_8@b2            cstackCOMRAM 000007
eeprom_read_8@val2          cstackCOMRAM 000008
eeprom_read_8@val3          cstackCOMRAM 000009
eeprom_write_8@addr         cstackCOMRAM 000001
eeprom_write_8@b1           cstackCOMRAM 000007
eeprom_write_8@b2           cstackCOMRAM 000008
eeprom_write_8@b3           cstackCOMRAM 000009
eeprom_write_8@data         cstackCOMRAM 000003
end_of_initialization       cinit        001D60
fputc@c                     cstackCOMRAM 000001
fputc@fp                    cstackCOMRAM 000003
fputs@c                     cstackCOMRAM 00000B
fputs@fp                    cstackCOMRAM 00000A
fputs@i                     cstackCOMRAM 00000C
fputs@s                     cstackCOMRAM 000009
intlevel0                   text         000000
intlevel1                   text         000000
intlevel2                   text         000000
intlevel3                   text         000000
isa$std                     (abs)        000001
isa$xinst                   (abs)        000000
main@buf                    cstackCOMRAM 000044
main@data                   cstackCOMRAM 00005C
main@etatC0                 cstackCOMRAM 00005E
main@hx                     cstackCOMRAM 000054
main@r                      cstackCOMRAM 00005D
pad@buf                     cstackCOMRAM 00000F
pad@fp                      cstackCOMRAM 00000E
pad@i                       cstackCOMRAM 000013
pad@p                       cstackCOMRAM 000010
read_prec_or_width@ap       cstackCOMRAM 000002
read_prec_or_width@c        cstackCOMRAM 000005
read_prec_or_width@fmt      cstackCOMRAM 000001
read_prec_or_width@n        cstackCOMRAM 000006
sprintf@ap                  cstackCOMRAM 000036
sprintf@f                   cstackCOMRAM 000037
sprintf@fmt                 cstackCOMRAM 000031
sprintf@s                   cstackCOMRAM 000030
stackhi                     (abs)        000000
stacklo                     (abs)        000000
start                       init         00FFFC
start_initialization        cinit        001D52
stoa@cp                     cstackCOMRAM 000011
stoa@fp                     cstackCOMRAM 000009
stoa@l                      cstackCOMRAM 000013
stoa@p                      cstackCOMRAM 00000D
stoa@s                      cstackCOMRAM 00000A
stoa@w                      cstackCOMRAM 00000F
u8_hex@h                    cstackCOMRAM 000005
u8_hex@out                  cstackCOMRAM 000001
u8_hex@v                    cstackCOMRAM 000002
uart_send_string@s          cstackCOMRAM 000001
vfpfcnvrt@ap                cstackCOMRAM 000023
vfpfcnvrt@convarg           cstackCOMRAM 000026
vfpfcnvrt@cp                cstackCOMRAM 00002A
vfpfcnvrt@done              cstackCOMRAM 00002B
vfpfcnvrt@fmt               cstackCOMRAM 000022
vfpfcnvrt@fp                cstackCOMRAM 000021
vfprintf@ap                 cstackCOMRAM 00002E
vfprintf@cfmt               cstackCOMRAM 00002F
vfprintf@fmt                cstackCOMRAM 00002D
vfprintf@fp                 cstackCOMRAM 00002C
xtoa@c                      cstackCOMRAM 00001E
xtoa@d                      cstackCOMRAM 000016
xtoa@fp                     cstackCOMRAM 000015
xtoa@i                      cstackCOMRAM 00001F
xtoa@p                      cstackCOMRAM 00001B
xtoa@w                      cstackCOMRAM 00001C


MODULE INFORMATION

Module		Function		Class		Link	Load	Size
C:\Program Files\Microchip\xc8\v3.10\pic\sources\c99\common\putch.c
		_putch         		CODE           	1D78	0000	2

C:\Program Files\Microchip\xc8\v3.10\pic\sources\c99\common\putch.c estimated size: 2

C:\Program Files\Microchip\xc8\v3.10\pic\sources\c99\common\nf_fputs.c
		_fputs         		CODE           	1C5A	0000	58

C:\Program Files\Microchip\xc8\v3.10\pic\sources\c99\common\nf_fputs.c estimated size: 58

./lcd.h
		_Lcd_Write_String		CODE           	1CCC	0000	54
		_Lcd_Init      		CODE           	1A36	0000	124
		_Lcd_Write_Char		CODE           	1C94	0000	56
		_Lcd_Cmd       		CODE           	1D32	0000	32
		_Lcd_Set_Cursor		CODE           	1B18	0000	102
		_Lcd_Clear     		CODE           	1D6A	0000	14
		_Lcd_Port      		CODE           	1B7E	0000	92

./lcd.h estimated size: 474

C:\Program Files\Microchip\xc8\v3.10\pic\sources\c99\common\nf_sprintf.c
		_sprintf       		CODE           	1D02	0000	48

C:\Program Files\Microchip\xc8\v3.10\pic\sources\c99\common\nf_sprintf.c estimated size: 48

shared
		__initialization		CODE           	1D52	0000	14

shared estimated size: 14

C:\Program Files\Microchip\xc8\v3.10\pic\sources\c99\common\nf_fputc.c
		_fputc         		CODE           	1886	0000	172

C:\Program Files\Microchip\xc8\v3.10\pic\sources\c99\common\nf_fputc.c estimated size: 172

C:\Program Files\Microchip\xc8\v3.10\pic\sources\c99\common\doprnt.c
		_read_prec_or_width		CODE           	172A	0000	174
		_vfpfcnvrt     		CODE           	1026	0000	614
		_pad           		CODE           	1932	0000	132
		_vfprintf      		CODE           	1BDA	0000	64
		_stoa          		CODE           	1412	0000	362
		_xtoa          		CODE           	157C	0000	246

C:\Program Files\Microchip\xc8\v3.10\pic\sources\c99\common\doprnt.c estimated size: 1592

EXO4SPI26K83.c
		_eeprom_write_8		CODE           	1672	0000	184
		_u8_hex        		CODE           	19B6	0000	128
		_main          		CODE           	128C	0000	390
		_uart_send_string		CODE           	1AB2	0000	102
		_eeprom_EWEN   		CODE           	1C1A	0000	64
		_eeprom_read_8 		CODE           	17D8	0000	174

EXO4SPI26K83.c estimated size: 1042

