Microchip MPLAB XC8 Compiler V3.10

Linker command line:

-W-3 \
  --edf=C:\Program Files\Microchip\xc8\v3.10\pic\dat\20250813170317_en.msgs \
  -cn -h+dist/default/production\exo-3.X.production.sym \
  --cmf=dist/default/production\exo-3.X.production.cmf -z -Q18F26K83 \
  -oC:\Users\admin\AppData\Local\Temp\xcAstp0.0\driver_tmp_3.o \
  --defsym=__MPLAB_BUILD=1 --fixupoverflow=error \
  -Mdist/default/production/exo-3.X.production.map \
  --md=C:\Users\admin\AppData\Local\Temp\xcAstp0.0\driver_tmp_0.dat -E1 \
  -ver=XC8 Compiler -ACODE=00h-0FFFFh -ACONST=00h-0FFFFh \
  -ASMALLCONST=01000h-010FFhx240 -AMEDIUMCONST=01000h-0FFFFh \
  -ACOMRAM=01h-05Fh -AABS1=00h-0FFFh -ABIGRAM=01h-0FFFh \
  -ARAM=060h-0FFh,0100h-01FFhx15 -ABANK0=060h-0FFh -ABANK1=0100h-01FFh \
  -ABANK2=0200h-02FFh -ABANK3=0300h-03FFh -ABANK4=0400h-04FFh \
  -ABANK5=0500h-05FFh -ABANK6=0600h-06FFh -ABANK7=0700h-07FFh \
  -ABANK8=0800h-08FFh -ABANK9=0900h-09FFh -ABANK10=0A00h-0AFFh \
  -ABANK11=0B00h-0BFFh -ABANK12=0C00h-0CFFh -ABANK13=0D00h-0DFFh \
  -ABANK14=0E00h-0EFFh -ABANK15=0F00h-0FFFh \
  -ASFR=03700h-037FFhx8,03F00h-03F5Fh,03F60h-03FFFh -ABIGSFR=03700h-03FFFh \
  -ACONFIG=0300000h-0300009h -AIDLOC=0200000h-020000Fh \
  -AEEDATA=0310000h-03103FFh -peeprom_data=EEDATA -preset_vec=00h \
  -ppowerup=CODE,init -pramtop=01000h -psmallconst=SMALLCONST \
  -pmediumconst=MEDIUMCONST -pconst=CONST -AFARRAM=00h-00h \
  -prdata=COMRAM,nvrram=COMRAM,nvbit=COMRAM,rbss=COMRAM,rbit=COMRAM \
  -pfarbss=FARRAM,fardata=FARRAM,nvFARRAM=FARRAM \
  -pintsave_regs=BIGRAM,bigbss=BIGRAM,bigdata=BIGRAM -pbss=RAM \
  -pidata=CODE,irdata=CODE,ibigdata=CODE,ifardata=CODE -prparam=COMRAM \
  C:\Users\admin\AppData\Local\Temp\xcAstp0.0\driver_tmp_14.o \
  dist/default/production\exo-3.X.production.o 

Object code version is 3.11

Machine type is 18F26K83



                Name                               Link     Load   Length Selector   Space Scale
C:\Users\admin\AppData\Local\Temp\xcAstp0.0\driver_tmp_14.o
                config                           300000   300000        A        0       4
                init                               FFFC     FFFC        4     7FFE       0
                reset_vec                             0        0        4        0       0
dist/default/production\exo-3.X.production.o
                config                           300000   300000        A        0       4
                smallconst                         1000     1000        C      800       0
                text22                             194A     194A       5C      806       0
                text21                             1B3C     1B3C       20      806       0
                text20                             1B5C     1B5C        E      806       0
                text19                             1802     1802       7C      806       0
                text18                             18E4     18E4       66      806       0
                text17                             1A1E     1A1E       38      806       0
                text16                             1A56     1A56       36      806       0
                text15                             1AF0     1AF0       2C      806       0
                text14                             177E     177E       84      806       0
                text13                             1432     1432       C0      806       0
                text12                             15A0     15A0       AE      806       0
                text11                             1A8C     1A8C       34      806       0
                text10                             1B6A     1B6A        2      806       0
                text9                              164E     164E       AC      806       0
                text8                              19E4     19E4       3A      806       0
                text7                              16FA     16FA       84      806       0
                text6                              12D6     12D6      15C      806       0
                text5                              14F2     14F2       AE      806       0
                text4                              1172     1172      164      806       0
                text3                              19A6     19A6       3E      806       0
                text2                              1AC0     1AC0       30      806       0
                text1                              187E     187E       66      806       0
                text0                              100C     100C      166      806       0
                cstackCOMRAM                          1        1       49        1       1
                bssBANK0                             60       60       20       60       1
                bssCOMRAM                            4A       4A        5        1       1
                cinit                              1B1C     1B1C       20      806       0

TOTAL           Name                               Link     Load   Length     Space
        CLASS   CODE           
                init                               FFFC     FFFC        4         0
                reset_vec                             0        0        4         0
                text22                             194A     194A       5C         0
                text21                             1B3C     1B3C       20         0
                text20                             1B5C     1B5C        E         0
                text19                             1802     1802       7C         0
                text18                             18E4     18E4       66         0
                text17                             1A1E     1A1E       38         0
                text16                             1A56     1A56       36         0
                text15                             1AF0     1AF0       2C         0
                text14                             177E     177E       84         0
                text13                             1432     1432       C0         0
                text12                             15A0     15A0       AE         0
                text11                             1A8C     1A8C       34         0
                text10                             1B6A     1B6A        2         0
                text9                              164E     164E       AC         0
                text8                              19E4     19E4       3A         0
                text7                              16FA     16FA       84         0
                text6                              12D6     12D6      15C         0
                text5                              14F2     14F2       AE         0
                text4                              1172     1172      164         0
                text3                              19A6     19A6       3E         0
                text2                              1AC0     1AC0       30         0
                text1                              187E     187E       66         0
                text0                              100C     100C      166         0
                cinit                              1B1C     1B1C       20         0

        CLASS   CONST          

        CLASS   SMALLCONST     
                smallconst                         1000     1000        C         0

        CLASS   MEDIUMCONST    

        CLASS   COMRAM         
                cstackCOMRAM                          1        1       49         1
                bssCOMRAM                            4A       4A        5         1

        CLASS   ABS1           

        CLASS   BIGRAM         

        CLASS   RAM            

        CLASS   BANK0          
                bssBANK0                             60       60       20         1

        CLASS   BANK1          

        CLASS   BANK2          

        CLASS   BANK3          

        CLASS   BANK4          

        CLASS   BANK5          

        CLASS   BANK6          

        CLASS   BANK7          

        CLASS   BANK8          

        CLASS   BANK9          

        CLASS   BANK10         

        CLASS   BANK11         

        CLASS   BANK12         

        CLASS   BANK13         

        CLASS   BANK14         

        CLASS   BANK15         

        CLASS   SFR            

        CLASS   BIGSFR         

        CLASS   CONFIG         
                config                           300000   300000        A         4

        CLASS   IDLOC          

        CLASS   EEDATA         

        CLASS   FARRAM         

        CLASS   HEAP           

        CLASS   STACK          



SEGMENTS        Name                           Load    Length   Top    Selector   Space  Class

                reset_vec                      000000  000004  000004         0       0  CODE    
                cstackCOMRAM                   000001  00004E  00004F         1       1  COMRAM  
                bssBANK0                       000060  000020  000080        60       1  BANK0   
                smallconst                     001000  00000C  00100C       800       0  SMALLCON
                text0                          00100C  000B60  001B6C       806       0  CODE    
                init                           00FFFC  000004  010000      7FFE       0  CODE    


UNUSED ADDRESS RANGES

        Name                Unused          Largest block    Delta
        BANK0            000080-0000FF               80
        BANK1            000100-0001FF              100
        BANK10           000A00-000AFF              100
        BANK11           000B00-000BFF              100
        BANK12           000C00-000CFF              100
        BANK13           000D00-000DFF              100
        BANK14           000E00-000EFF              100
        BANK15           000F00-000FFF              100
        BANK2            000200-0002FF              100
        BANK3            000300-0003FF              100
        BANK4            000400-0004FF              100
        BANK5            000500-0005FF              100
        BANK6            000600-0006FF              100
        BANK7            000700-0007FF              100
        BANK8            000800-0008FF              100
        BANK9            000900-0009FF              100
        BIGRAM           00004F-00005F               11
                         000080-000FFF              F80
        BIGSFR           003700-003FFF              900
        CODE             000004-000FFF              FFC
                         001B6C-00FFFB             E490
        COMRAM           00004F-00005F               11
        CONST            000004-000FFF              FFC
                         001B6C-00FFFB             E490
        EEDATA           310000-3103FF              400
        IDLOC            200000-20000F               10
        MEDIUMCONST      001B6C-00FFFB             E490
        RAM              000080-000FFF              100
        SFR              003700-003FFF              100
        SMALLCONST       001B6C-00FFFB              100

                                  Symbol Table

?___awdiv                   cstackCOMRAM 000001
?___awmod                   cstackCOMRAM 000001
?_abs                       cstackCOMRAM 000007
?_read_prec_or_width        cstackCOMRAM 000001
?_sprintf                   cstackCOMRAM 00002D
?_vfprintf                  cstackCOMRAM 000029
Lcd_Cmd@a                   cstackCOMRAM 000003
Lcd_Port@a                  cstackCOMRAM 000001
Lcd_Set_Cursor@a            cstackCOMRAM 000005
Lcd_Set_Cursor@b            cstackCOMRAM 000004
Lcd_Set_Cursor@temp         cstackCOMRAM 000008
Lcd_Set_Cursor@y            cstackCOMRAM 000007
Lcd_Set_Cursor@z            cstackCOMRAM 000006
Lcd_Write_Char@a            cstackCOMRAM 000004
Lcd_Write_Char@temp         cstackCOMRAM 000002
Lcd_Write_Char@y            cstackCOMRAM 000003
Lcd_Write_String@a          cstackCOMRAM 000005
Lcd_Write_String@i          cstackCOMRAM 000006
_ANSELA                     (abs)        003A40
_ANSELB                     (abs)        003A50
_ANSELC                     (abs)        003A60
_I2C2ADB1                   (abs)        003D58
_I2C2CLK                    (abs)        003D65
_I2C2CNT                    (abs)        003D56
_I2C2CON0                   (abs)        003D5D
_I2C2CON0bits               (abs)        003D5D
_I2C2CON1bits               (abs)        003D5E
_I2C2PIRbits                (abs)        003D63
_I2C2RXB                    (abs)        003D54
_I2C2SCLPPS                 (abs)        003AE5
_I2C2SDAPPS                 (abs)        003AE6
_I2C2STAT1bits              (abs)        003D62
_I2C2TXB                    (abs)        003D55
_Lcd_Clear                  text20       001B5C
_Lcd_Cmd                    text21       001B3C
_Lcd_Init                   text19       001802
_Lcd_Port                   text22       00194A
_Lcd_Set_Cursor             text18       0018E4
_Lcd_Write_Char             text17       001A1E
_Lcd_Write_String           text16       001A56
_ODCONB                     (abs)        003A52
_PIR3bits                   (abs)        0039A3
_PORTAbits                  (abs)        003FCA
_PORTB                      (abs)        003FCB
_PORTBbits                  (abs)        003FCB
_PORTC                      (abs)        003FCC
_PORTCbits                  (abs)        003FCC
_RB1PPS                     (abs)        003A09
_RB2PPS                     (abs)        003A0A
_RC6PPS                     (abs)        003A16
_TRISA                      (abs)        003FC2
_TRISB                      (abs)        003FC3
_TRISC                      (abs)        003FC4
_U1BRG                      (abs)        003DF5
_U1CON0                     (abs)        003DF2
_U1CON1                     (abs)        003DF3
_U1CON2                     (abs)        003DF4
_U1RXPPS                    (abs)        003AE7
_U1TXB                      (abs)        003DEA
__HRAM                      (abs)        000000
__H__absolute__             __absolute__ 000000
__Habs1                     abs1         000000
__Hbank0                    bank0        000000
__Hbank1                    bank1        000000
__Hbank10                   bank10       000000
__Hbank11                   bank11       000000
__Hbank12                   bank12       000000
__Hbank13                   bank13       000000
__Hbank14                   bank14       000000
__Hbank15                   bank15       000000
__Hbank2                    bank2        000000
__Hbank3                    bank3        000000
__Hbank4                    bank4        000000
__Hbank5                    bank5        000000
__Hbank6                    bank6        000000
__Hbank7                    bank7        000000
__Hbank8                    bank8        000000
__Hbank9                    bank9        000000
__Hbigbss                   bigbss       000000
__Hbigdata                  bigdata      000000
__Hbigram                   bigram       000000
__Hbigsfr                   bigsfr       000000
__Hbss                      bss          000000
__HbssBANK0                 bssBANK0     000000
__HbssCOMRAM                bssCOMRAM    000000
__Hcinit                    cinit        000000
__Hclrtext                  clrtext      000000
__Hcomram                   comram       000000
__Hconfig                   config       30000A
__Hconst                    const        000000
__HcstackCOMRAM             cstackCOMRAM 000000
__Hdata                     data         000000
__Heeprom_data              eeprom_data  000000
__Hfarbss                   farbss       000000
__Hfardata                  fardata      000000
__Hheap                     heap         000000
__Hibigdata                 ibigdata     000000
__Hidata                    idata        000000
__Hidloc                    idloc        000000
__Hifardata                 ifardata     000000
__Hinit                     init         010000
__Hintsave_regs             intsave_regs 000000
__Hirdata                   irdata       000000
__Hmediumconst              mediumconst  000000
__HnvFARRAM                 nvFARRAM     000000
__Hnvbit                    nvbit        000000
__Hnvrram                   nvrram       000000
__Hparam                    rparam       000000
__Hpowerup                  powerup      000000
__Hram                      ram          000000
__Hramtop                   ramtop       001000
__Hrbit                     rbit         000000
__Hrbss                     rbss         000000
__Hrdata                    rdata        000000
__Hreset_vec                reset_vec    000004
__Hrparam                   rparam       000000
__Hsfr                      sfr          000000
__Hsmallconst               smallconst   00100C
__Hspace_0                  (abs)        010000
__Hspace_1                  (abs)        000080
__Hspace_2                  (abs)        000000
__Hspace_4                  (abs)        60000A
__Hstack                    stack        000000
__Hstruct                   struct       000000
__Htemp                     temp         000000
__Htext                     text         000000
__Htext0                    text0        000000
__Htext1                    text1        000000
__Htext10                   text10       000000
__Htext11                   text11       000000
__Htext12                   text12       000000
__Htext13                   text13       000000
__Htext14                   text14       000000
__Htext15                   text15       000000
__Htext16                   text16       000000
__Htext17                   text17       000000
__Htext18                   text18       000000
__Htext19                   text19       000000
__Htext2                    text2        000000
__Htext20                   text20       000000
__Htext21                   text21       000000
__Htext22                   text22       000000
__Htext3                    text3        000000
__Htext4                    text4        000000
__Htext5                    text5        000000
__Htext6                    text6        000000
__Htext7                    text7        000000
__Htext8                    text8        000000
__Htext9                    text9        000000
__LRAM                      (abs)        000001
__L__absolute__             __absolute__ 000000
__Labs1                     abs1         000000
__Lbank0                    bank0        000000
__Lbank1                    bank1        000000
__Lbank10                   bank10       000000
__Lbank11                   bank11       000000
__Lbank12                   bank12       000000
__Lbank13                   bank13       000000
__Lbank14                   bank14       000000
__Lbank15                   bank15       000000
__Lbank2                    bank2        000000
__Lbank3                    bank3        000000
__Lbank4                    bank4        000000
__Lbank5                    bank5        000000
__Lbank6                    bank6        000000
__Lbank7                    bank7        000000
__Lbank8                    bank8        000000
__Lbank9                    bank9        000000
__Lbigbss                   bigbss       000000
__Lbigdata                  bigdata      000000
__Lbigram                   bigram       000000
__Lbigsfr                   bigsfr       000000
__Lbss                      bss          000000
__LbssBANK0                 bssBANK0     000000
__LbssCOMRAM                bssCOMRAM    000000
__Lcinit                    cinit        000000
__Lclrtext                  clrtext      000000
__Lcomram                   comram       000000
__Lconfig                   config       000000
__Lconst                    const        000000
__LcstackCOMRAM             cstackCOMRAM 000000
__Ldata                     data         000000
__Leeprom_data              eeprom_data  000000
__Lfarbss                   farbss       000000
__Lfardata                  fardata      000000
__Lheap                     heap         000000
__Libigdata                 ibigdata     000000
__Lidata                    idata        000000
__Lidloc                    idloc        000000
__Lifardata                 ifardata     000000
__Linit                     init         00FFFC
__Lintsave_regs             intsave_regs 000000
__Lirdata                   irdata       000000
__Lmediumconst              mediumconst  000000
__LnvFARRAM                 nvFARRAM     000000
__Lnvbit                    nvbit        000000
__Lnvrram                   nvrram       000000
__Lparam                    rparam       000000
__Lpowerup                  powerup      000000
__Lram                      ram          000000
__Lramtop                   ramtop       001000
__Lrbit                     rbit         000000
__Lrbss                     rbss         000000
__Lrdata                    rdata        000000
__Lreset_vec                reset_vec    000000
__Lrparam                   rparam       000000
__Lsfr                      sfr          000000
__Lsmallconst               smallconst   001000
__Lspace_0                  (abs)        000000
__Lspace_1                  (abs)        000000
__Lspace_2                  (abs)        000000
__Lspace_4                  (abs)        000000
__Lstack                    stack        000000
__Lstruct                   struct       000000
__Ltemp                     temp         000000
__Ltext                     text         000000
__Ltext0                    text0        000000
__Ltext1                    text1        000000
__Ltext10                   text10       000000
__Ltext11                   text11       000000
__Ltext12                   text12       000000
__Ltext13                   text13       000000
__Ltext14                   text14       000000
__Ltext15                   text15       000000
__Ltext16                   text16       000000
__Ltext17                   text17       000000
__Ltext18                   text18       000000
__Ltext19                   text19       000000
__Ltext2                    text2        000000
__Ltext20                   text20       000000
__Ltext21                   text21       000000
__Ltext22                   text22       000000
__Ltext3                    text3        000000
__Ltext4                    text4        000000
__Ltext5                    text5        000000
__Ltext6                    text6        000000
__Ltext7                    text7        000000
__Ltext8                    text8        000000
__Ltext9                    text9        000000
__S0                        (abs)        010000
__S1                        (abs)        000080
__S4                        (abs)        000000
__S5                        (abs)        000000
___awdiv                    text13       001432
___awdiv@counter            cstackCOMRAM 000005
___awdiv@dividend           cstackCOMRAM 000001
___awdiv@divisor            cstackCOMRAM 000003
___awdiv@quotient           cstackCOMRAM 000007
___awdiv@sign               cstackCOMRAM 000006
___awmod                    text12       0015A0
___awmod@counter            cstackCOMRAM 000005
___awmod@dividend           cstackCOMRAM 000001
___awmod@divisor            cstackCOMRAM 000003
___awmod@sign               cstackCOMRAM 000006
___heap_hi                  (abs)        000000
___heap_lo                  (abs)        000000
___inthi_sp                 stack        000000
___inthi_stack_hi           stack        000000
___inthi_stack_lo           stack        000000
___intlo_sp                 stack        000000
___intlo_stack_hi           stack        000000
___intlo_stack_lo           stack        000000
___param_bank               (abs)        000000
___rparam_used              (abs)        000001
___sp                       stack        000000
___stack_hi                 stack        000000
___stack_lo                 stack        000000
__accesstop                 (abs)        000060
__activetblptr              (abs)        000002
__end_of_Lcd_Clear          text20       001B6A
__end_of_Lcd_Cmd            text21       001B5C
__end_of_Lcd_Init           text19       00187E
__end_of_Lcd_Port           text22       0019A6
__end_of_Lcd_Set_Cursor     text18       00194A
__end_of_Lcd_Write_Char     text17       001A56
__end_of_Lcd_Write_String   text16       001A8C
__end_of___awdiv            text13       0014F2
__end_of___awmod            text12       00164E
__end_of__initialization    cinit        001B32
__end_of_abs                text11       001AC0
__end_of_bcd_to_dec         text15       001B1C
__end_of_dtoa               text6        001432
__end_of_fputc              text9        0016FA
__end_of_fputs              text8        001A1E
__end_of_main               text0        001172
__end_of_pad                text7        00177E
__end_of_putch              text10       001B6C
__end_of_read_prec_or_width text5        0015A0
__end_of_rtc_read           text14       001802
__end_of_sprintf            text2        001AF0
__end_of_uart_send_string   text1        0018E4
__end_of_vfpfcnvrt          text4        0012D6
__end_of_vfprintf           text3        0019E4
__initialization            cinit        001B1C
__mediumconst               smallconst   001000
__pbssBANK0                 bssBANK0     000060
__pbssCOMRAM                bssCOMRAM    00004A
__pcinit                    cinit        001B1C
__pcstackCOMRAM             cstackCOMRAM 000001
__psmallconst               smallconst   001000
__ptext0                    text0        00100C
__ptext1                    text1        00187E
__ptext10                   text10       001B6A
__ptext11                   text11       001A8C
__ptext12                   text12       0015A0
__ptext13                   text13       001432
__ptext14                   text14       00177E
__ptext15                   text15       001AF0
__ptext16                   text16       001A56
__ptext17                   text17       001A1E
__ptext18                   text18       0018E4
__ptext19                   text19       001802
__ptext2                    text2        001AC0
__ptext20                   text20       001B5C
__ptext21                   text21       001B3C
__ptext22                   text22       00194A
__ptext3                    text3        0019A6
__ptext4                    text4        001172
__ptext5                    text5        0014F2
__ptext6                    text6        0012D6
__ptext7                    text7        0016FA
__ptext8                    text8        0019E4
__ptext9                    text9        00164E
__ramtop                    ramtop       001000
__smallconst                smallconst   001000
_abs                        text11       001A8C
_bcd_to_dec                 text15       001AF0
_dbuf                       bssBANK0     000060
_dtoa                       text6        0012D6
_dtoa$1081                  cstackCOMRAM 000018
_flags                      bssCOMRAM    00004E
_fputc                      text9        00164E
_fputs                      text8        0019E4
_main                       text0        00100C
_pad                        text7        0016FA
_prec                       bssCOMRAM    00004C
_putch                      text10       001B6A
_read_prec_or_width         text5        0014F2
_rtc_read                   text14       00177E
_sprintf                    text2        001AC0
_uart_send_string           text1        00187E
_vfpfcnvrt                  text4        001172
_vfprintf                   text3        0019A6
_width                      bssCOMRAM    00004A
abs@a                       cstackCOMRAM 000007
bcd_to_dec@bcd              cstackCOMRAM 000001
dtoa@d                      cstackCOMRAM 000016
dtoa@fp                     cstackCOMRAM 000015
dtoa@i                      cstackCOMRAM 00001E
dtoa@p                      cstackCOMRAM 00001A
dtoa@s                      cstackCOMRAM 00001D
dtoa@w                      cstackCOMRAM 00001B
end_of_initialization       cinit        001B32
fputc@c                     cstackCOMRAM 000001
fputc@fp                    cstackCOMRAM 000003
fputs@c                     cstackCOMRAM 00000B
fputs@fp                    cstackCOMRAM 00000A
fputs@i                     cstackCOMRAM 00000C
fputs@s                     cstackCOMRAM 000009
intlevel0                   text         000000
intlevel1                   text         000000
intlevel2                   text         000000
intlevel3                   text         000000
isa$std                     (abs)        000001
isa$xinst                   (abs)        000000
main@buffer                 cstackCOMRAM 000041
main@last_secondes          cstackCOMRAM 000047
main@minute                 cstackCOMRAM 000048
main@secondes               cstackCOMRAM 000049
pad@buf                     cstackCOMRAM 00000F
pad@fp                      cstackCOMRAM 00000E
pad@i                       cstackCOMRAM 000013
pad@p                       cstackCOMRAM 000010
read_prec_or_width@ap       cstackCOMRAM 000002
read_prec_or_width@c        cstackCOMRAM 000005
read_prec_or_width@fmt      cstackCOMRAM 000001
read_prec_or_width@n        cstackCOMRAM 000006
rtc_read@reg_adress         cstackCOMRAM 000001
rtc_read@result             cstackCOMRAM 000003
sprintf@ap                  cstackCOMRAM 000033
sprintf@f                   cstackCOMRAM 000034
sprintf@fmt                 cstackCOMRAM 00002E
sprintf@s                   cstackCOMRAM 00002D
stackhi                     (abs)        000000
stacklo                     (abs)        000000
start                       init         00FFFC
start_initialization        cinit        001B1C
uart_send_string@s          cstackCOMRAM 000001
vfpfcnvrt@ap                cstackCOMRAM 000022
vfpfcnvrt@convarg           cstackCOMRAM 000023
vfpfcnvrt@cp                cstackCOMRAM 000028
vfpfcnvrt@done              cstackCOMRAM 000027
vfpfcnvrt@fmt               cstackCOMRAM 000021
vfpfcnvrt@fp                cstackCOMRAM 000020
vfprintf@ap                 cstackCOMRAM 00002B
vfprintf@cfmt               cstackCOMRAM 00002C
vfprintf@fmt                cstackCOMRAM 00002A
vfprintf@fp                 cstackCOMRAM 000029


MODULE INFORMATION

Module		Function		Class		Link	Load	Size
C:\Program Files\Microchip\xc8\v3.10\pic\sources\c99\common\awmod.c
		___awmod       		CODE           	15A0	0000	174

C:\Program Files\Microchip\xc8\v3.10\pic\sources\c99\common\awmod.c estimated size: 174

C:\Program Files\Microchip\xc8\v3.10\pic\sources\c99\common\putch.c
		_putch         		CODE           	1B6A	0000	2

C:\Program Files\Microchip\xc8\v3.10\pic\sources\c99\common\putch.c estimated size: 2

C:\Program Files\Microchip\xc8\v3.10\pic\sources\c99\common\abs.c
		_abs           		CODE           	1A8C	0000	52

C:\Program Files\Microchip\xc8\v3.10\pic\sources\c99\common\abs.c estimated size: 52

C:\Program Files\Microchip\xc8\v3.10\pic\sources\c99\common\nf_fputs.c
		_fputs         		CODE           	19E4	0000	58

C:\Program Files\Microchip\xc8\v3.10\pic\sources\c99\common\nf_fputs.c estimated size: 58

./lcd.h
		_Lcd_Write_String		CODE           	1A56	0000	54
		_Lcd_Init      		CODE           	1802	0000	124
		_Lcd_Write_Char		CODE           	1A1E	0000	56
		_Lcd_Cmd       		CODE           	1B3C	0000	32
		_Lcd_Set_Cursor		CODE           	18E4	0000	102
		_Lcd_Clear     		CODE           	1B5C	0000	14
		_Lcd_Port      		CODE           	194A	0000	92

./lcd.h estimated size: 474

C:\Program Files\Microchip\xc8\v3.10\pic\sources\c99\common\awdiv.c
		___awdiv       		CODE           	1432	0000	192

C:\Program Files\Microchip\xc8\v3.10\pic\sources\c99\common\awdiv.c estimated size: 192

C:\Program Files\Microchip\xc8\v3.10\pic\sources\c99\common\nf_sprintf.c
		_sprintf       		CODE           	1AC0	0000	48

C:\Program Files\Microchip\xc8\v3.10\pic\sources\c99\common\nf_sprintf.c estimated size: 48

shared
		__initialization		CODE           	1B1C	0000	22

shared estimated size: 22

C:\Program Files\Microchip\xc8\v3.10\pic\sources\c99\common\nf_fputc.c
		_fputc         		CODE           	164E	0000	172

C:\Program Files\Microchip\xc8\v3.10\pic\sources\c99\common\nf_fputc.c estimated size: 172

EX3I2C26K83.c
		_bcd_to_dec    		CODE           	1AF0	0000	44
		_main          		CODE           	100C	0000	358
		_rtc_read      		CODE           	177E	0000	132
		_uart_send_string		CODE           	187E	0000	102

EX3I2C26K83.c estimated size: 636

C:\Program Files\Microchip\xc8\v3.10\pic\sources\c99\common\doprnt.c
		_read_prec_or_width		CODE           	14F2	0000	174
		_vfpfcnvrt     		CODE           	1172	0000	356
		_pad           		CODE           	16FA	0000	132
		_dtoa          		CODE           	12D6	0000	348
		_vfprintf      		CODE           	19A6	0000	62

C:\Program Files\Microchip\xc8\v3.10\pic\sources\c99\common\doprnt.c estimated size: 1072

